{"level":"error","service":"campustrade-backend","message":"Failed to start server: Missing required environment variables: FRONTEND_URL","meta":{"stack":"Error: Missing required environment variables: FRONTEND_URL\n    at validateEnvironment (C:\\Users\\Dell\\Desktop\\CampusTrade\\App\\backend\\index.js:26:15)\n    at startServer (C:\\Users\\Dell\\Desktop\\CampusTrade\\App\\backend\\index.js:42:15)\n    at Object.<anonymous> (C:\\Users\\Dell\\Desktop\\CampusTrade\\App\\backend\\index.js:75:1)\n    at Module._compile (node:internal/modules/cjs/loader:1521:14)\n    at Module._extensions..js (node:internal/modules/cjs/loader:1623:10)\n    at Module.load (node:internal/modules/cjs/loader:1266:32)\n    at Module._load (node:internal/modules/cjs/loader:1091:12)\n    at Function.executeUserEntryPoint [as runMain] (node:internal/modules/run_main:164:12)\n    at node:internal/main/run_main_module:28:49"},"timestamp":"2026-05-13T10:22:50.162Z"}
{"level":"error","service":"campustrade-backend","message":"Failed to start server: JWT_KEY must be at least 32 characters","meta":{"stack":"Error: JWT_KEY must be at least 32 characters\n    at validateEnvironment (C:\\Users\\Dell\\Desktop\\CampusTrade\\App\\backend\\index.js:35:15)\n    at startServer (C:\\Users\\Dell\\Desktop\\CampusTrade\\App\\backend\\index.js:42:15)\n    at Object.<anonymous> (C:\\Users\\Dell\\Desktop\\CampusTrade\\App\\backend\\index.js:75:1)\n    at Module._compile (node:internal/modules/cjs/loader:1521:14)\n    at Module._extensions..js (node:internal/modules/cjs/loader:1623:10)\n    at Module.load (node:internal/modules/cjs/loader:1266:32)\n    at Module._load (node:internal/modules/cjs/loader:1091:12)\n    at Function.executeUserEntryPoint [as runMain] (node:internal/modules/run_main:164:12)\n    at node:internal/main/run_main_module:28:49"},"timestamp":"2026-05-13T10:23:52.222Z"}
{"level":"error","service":"campustrade-backend","message":"Failed to start server: Could not connect to any servers in your MongoDB Atlas cluster. One common reason is that you're trying to access the database from an IP that isn't whitelisted. Make sure your current IP address is on your Atlas cluster's IP whitelist: https://www.mongodb.com/docs/atlas/security-whitelist/","meta":{"stack":"MongooseServerSelectionError: Could not connect to any servers in your MongoDB Atlas cluster. One common reason is that you're trying to access the database from an IP that isn't whitelisted. Make sure your current IP address is on your Atlas cluster's IP whitelist: https://www.mongodb.com/docs/atlas/security-whitelist/\n    at _handleConnectionErrors (C:\\Users\\Dell\\Desktop\\CampusTrade\\App\\backend\\node_modules\\mongoose\\lib\\connection.js:1180:11)\n    at NativeConnection.openUri (C:\\Users\\Dell\\Desktop\\CampusTrade\\App\\backend\\node_modules\\mongoose\\lib\\connection.js:1111:11)\n    at async startServer (C:\\Users\\Dell\\Desktop\\CampusTrade\\App\\backend\\index.js:44:9)"},"timestamp":"2026-05-13T10:24:40.145Z"}
{"level":"info","service":"campustrade-backend","message":"✅ Database Connected Successfully","meta":null,"timestamp":"2026-05-13T10:27:26.123Z"}
{"level":"info","service":"campustrade-backend","message":"🚀 Server running on port 6778","meta":null,"timestamp":"2026-05-13T10:27:26.147Z"}
{"level":"info","service":"campustrade-backend","message":"HTTP Request","meta":{"method":"OPTIONS","path":"/api","status":404,"duration":"70ms","userId":"anonymous","ip":"::1"},"timestamp":"2026-05-13T10:34:18.465Z"}
{"level":"info","service":"campustrade-backend","message":"HTTP Request","meta":{"method":"OPTIONS","path":"/api","status":404,"duration":"1ms","userId":"anonymous","ip":"::1"},"timestamp":"2026-05-13T10:34:18.524Z"}
{"level":"warn","service":"campustrade-backend","message":"MongoDB disconnected","meta":null,"timestamp":"2026-05-13T10:35:30.467Z"}
{"level":"error","service":"campustrade-backend","message":"Failed to start server: Could not connect to any servers in your MongoDB Atlas cluster. One common reason is that you're trying to access the database from an IP that isn't whitelisted. Make sure your current IP address is on your Atlas cluster's IP whitelist: https://www.mongodb.com/docs/atlas/security-whitelist/","meta":{"stack":"MongooseServerSelectionError: Could not connect to any servers in your MongoDB Atlas cluster. One common reason is that you're trying to access the database from an IP that isn't whitelisted. Make sure your current IP address is on your Atlas cluster's IP whitelist: https://www.mongodb.com/docs/atlas/security-whitelist/\n    at _handleConnectionErrors (C:\\Users\\Dell\\Desktop\\CampusTrade\\App\\backend\\node_modules\\mongoose\\lib\\connection.js:1180:11)\n    at NativeConnection.openUri (C:\\Users\\Dell\\Desktop\\CampusTrade\\App\\backend\\node_modules\\mongoose\\lib\\connection.js:1111:11)\n    at async startServer (C:\\Users\\Dell\\Desktop\\CampusTrade\\App\\backend\\index.js:44:9)"},"timestamp":"2026-05-13T10:36:28.056Z"}
{"level":"error","service":"campustrade-backend","message":"Failed to start server: Could not connect to any servers in your MongoDB Atlas cluster. One common reason is that you're trying to access the database from an IP that isn't whitelisted. Make sure your current IP address is on your Atlas cluster's IP whitelist: https://www.mongodb.com/docs/atlas/security-whitelist/","meta":{"stack":"MongooseServerSelectionError: Could not connect to any servers in your MongoDB Atlas cluster. One common reason is that you're trying to access the database from an IP that isn't whitelisted. Make sure your current IP address is on your Atlas cluster's IP whitelist: https://www.mongodb.com/docs/atlas/security-whitelist/\n    at _handleConnectionErrors (C:\\Users\\Dell\\Desktop\\CampusTrade\\App\\backend\\node_modules\\mongoose\\lib\\connection.js:1180:11)\n    at NativeConnection.openUri (C:\\Users\\Dell\\Desktop\\CampusTrade\\App\\backend\\node_modules\\mongoose\\lib\\connection.js:1111:11)\n    at async startServer (C:\\Users\\Dell\\Desktop\\CampusTrade\\App\\backend\\index.js:44:9)"},"timestamp":"2026-05-13T10:37:06.957Z"}
{"level":"info","service":"campustrade-backend","message":"✅ Database Connected Successfully","meta":null,"timestamp":"2026-05-13T10:38:03.839Z"}
{"level":"info","service":"campustrade-backend","message":"🚀 Server running on port 6778","meta":null,"timestamp":"2026-05-13T10:38:03.868Z"}
{"level":"info","service":"campustrade-backend","message":"✅ Database Connected Successfully","meta":null,"timestamp":"2026-05-13T10:39:26.889Z"}
{"level":"info","service":"campustrade-backend","message":"🚀 Server running on port 6778","meta":null,"timestamp":"2026-05-13T10:39:26.919Z"}
{"level":"error","service":"campustrade-backend","message":"Failed to start server: Socket 'secureConnect' timed out after 11127ms (connectTimeoutMS: 10000)","meta":{"stack":"MongoNetworkTimeoutError: Socket 'secureConnect' timed out after 11127ms (connectTimeoutMS: 10000)\n    at TLSSocket.<anonymous> (C:\\Users\\Dell\\Desktop\\CampusTrade\\App\\backend\\node_modules\\mongodb\\lib\\cmap\\connect.js:315:20)\n    at Object.onceWrapper (node:events:638:28)\n    at TLSSocket.emit (node:events:524:28)\n    at Socket._onTimeout (node:net:595:8)\n    at listOnTimeout (node:internal/timers:581:17)\n    at process.processTimers (node:internal/timers:519:7)"},"timestamp":"2026-05-13T10:40:04.459Z"}
{"level":"info","service":"campustrade-backend","message":"✅ Database Connected Successfully","meta":null,"timestamp":"2026-05-13T10:40:28.839Z"}
{"level":"info","service":"campustrade-backend","message":"🚀 Server running on port 6778","meta":null,"timestamp":"2026-05-13T10:40:28.848Z"}
{"level":"error","service":"campustrade-backend","message":"Failed to start server: Server selection timed out after 5000 ms","meta":{"stack":"MongooseServerSelectionError: Server selection timed out after 5000 ms\n    at _handleConnectionErrors (C:\\Users\\Dell\\Desktop\\CampusTrade\\App\\backend\\node_modules\\mongoose\\lib\\connection.js:1180:11)\n    at NativeConnection.openUri (C:\\Users\\Dell\\Desktop\\CampusTrade\\App\\backend\\node_modules\\mongoose\\lib\\connection.js:1111:11)\n    at async startServer (C:\\Users\\Dell\\Desktop\\CampusTrade\\App\\backend\\index.js:44:9)"},"timestamp":"2026-05-13T10:46:40.958Z"}
{"level":"info","service":"campustrade-backend","message":"✅ Database Connected Successfully","meta":null,"timestamp":"2026-05-13T10:47:10.029Z"}
{"level":"info","service":"campustrade-backend","message":"🚀 Server running on port 6778","meta":null,"timestamp":"2026-05-13T10:47:10.070Z"}
{"level":"info","service":"campustrade-backend","message":"✅ Database Connected Successfully","meta":null,"timestamp":"2026-05-13T10:49:21.316Z"}
{"level":"info","service":"campustrade-backend","message":"🚀 Server running on port 6778","meta":null,"timestamp":"2026-05-13T10:49:21.346Z"}
{"level":"info","service":"campustrade-backend","message":"✅ Database Connected Successfully","meta":null,"timestamp":"2026-05-13T10:49:50.379Z"}
{"level":"info","service":"campustrade-backend","message":"🚀 Server running on port 6778","meta":null,"timestamp":"2026-05-13T10:49:50.395Z"}
{"level":"info","service":"campustrade-backend","message":"✅ Database Connected Successfully","meta":null,"timestamp":"2026-05-13T10:50:31.260Z"}
{"level":"info","service":"campustrade-backend","message":"🚀 Server running on port 6778","meta":null,"timestamp":"2026-05-13T10:50:31.272Z"}
{"level":"info","service":"campustrade-backend","message":"HTTP Request","meta":{"method":"GET","path":"/api","status":404,"duration":"3ms","userId":"anonymous","ip":"::1"},"timestamp":"2026-05-13T10:52:46.388Z"}
{"level":"info","service":"campustrade-backend","message":"HTTP Request","meta":{"method":"GET","path":"/api","status":404,"duration":"1ms","userId":"anonymous","ip":"::1"},"timestamp":"2026-05-13T10:52:46.438Z"}
{"level":"info","service":"campustrade-backend","message":"HTTP Request","meta":{"method":"GET","path":"/api","status":404,"duration":"86ms","userId":"anonymous","ip":"::1"},"timestamp":"2026-05-13T11:31:45.381Z"}
{"level":"info","service":"campustrade-backend","message":"HTTP Request","meta":{"method":"GET","path":"/api","status":404,"duration":"20ms","userId":"anonymous","ip":"::1"},"timestamp":"2026-05-13T11:31:45.558Z"}
{"level":"info","service":"campustrade-backend","message":"✅ Database Connected Successfully","meta":null,"timestamp":"2026-05-13T11:37:24.642Z"}
{"level":"info","service":"campustrade-backend","message":"🚀 Server running on port 6778","meta":null,"timestamp":"2026-05-13T11:37:24.741Z"}
{"level":"info","service":"campustrade-backend","message":"HTTP Request","meta":{"method":"GET","path":"/api","status":404,"duration":"18ms","userId":"anonymous","ip":"::1"},"timestamp":"2026-05-13T11:38:53.297Z"}
{"level":"info","service":"campustrade-backend","message":"HTTP Request","meta":{"method":"GET","path":"/api","status":404,"duration":"100ms","userId":"anonymous","ip":"::1"},"timestamp":"2026-05-13T11:38:53.937Z"}
{"level":"warn","service":"campustrade-backend","message":"MongoDB disconnected","meta":null,"timestamp":"2026-05-13T11:40:19.110Z"}
{"level":"error","service":"campustrade-backend","message":"Cannot call abortTransaction after calling commitTransaction","stack":"MongoTransactionError: Cannot call abortTransaction after calling commitTransaction\n    at ClientSession.abortTransaction (C:\\Users\\Dell\\Desktop\\CampusTrade\\App\\backend\\node_modules\\mongodb\\lib\\sessions.js:379:19)\n    at exports.loginUser (C:\\Users\\Dell\\Desktop\\CampusTrade\\App\\backend\\controllers\\Buyer\\auth.controller.js:149:19)\n    at process.processTicksAndRejections (node:internal/process/task_queues:95:5)","meta":null,"timestamp":"2026-05-13T11:40:21.487Z"}
{"level":"info","service":"campustrade-backend","message":"✅ Database Connected Successfully","meta":null,"timestamp":"2026-05-13T11:40:53.218Z"}
{"level":"info","service":"campustrade-backend","message":"🚀 Server running on port 6778","meta":null,"timestamp":"2026-05-13T11:40:53.246Z"}
{"level":"error","service":"campustrade-backend","message":"Cannot call abortTransaction after calling commitTransaction","stack":"MongoTransactionError: Cannot call abortTransaction after calling commitTransaction\n    at ClientSession.abortTransaction (C:\\Users\\Dell\\Desktop\\CampusTrade\\App\\backend\\node_modules\\mongodb\\lib\\sessions.js:379:19)\n    at exports.loginUser (C:\\Users\\Dell\\Desktop\\CampusTrade\\App\\backend\\controllers\\Buyer\\auth.controller.js:149:19)\n    at process.processTicksAndRejections (node:internal/process/task_queues:95:5)","meta":null,"timestamp":"2026-05-13T11:41:01.815Z"}
{"level":"info","service":"campustrade-backend","message":"✅ Database Connected Successfully","meta":null,"timestamp":"2026-05-13T11:41:39.828Z"}
{"level":"info","service":"campustrade-backend","message":"🚀 Server running on port 6778","meta":null,"timestamp":"2026-05-13T11:41:39.852Z"}
{"level":"info","service":"campustrade-backend","message":"✅ Database Connected Successfully","meta":null,"timestamp":"2026-05-13T11:45:11.497Z"}
{"level":"info","service":"campustrade-backend","message":"🚀 Server running on port 6778","meta":null,"timestamp":"2026-05-13T11:45:11.532Z"}
{"level":"error","service":"campustrade-backend","message":"BuyerDTO.authUser is not a function","stack":"TypeError: BuyerDTO.authUser is not a function\n    at exports.loginUser (C:\\Users\\Dell\\Desktop\\CampusTrade\\App\\backend\\controllers\\Buyer\\auth.controller.js:195:22)","meta":null,"timestamp":"2026-05-13T11:45:23.871Z"}
{"level":"info","service":"campustrade-backend","message":"✅ Database Connected Successfully","meta":null,"timestamp":"2026-05-13T11:50:50.152Z"}
{"level":"info","service":"campustrade-backend","message":"🚀 Server running on port 6778","meta":null,"timestamp":"2026-05-13T11:50:50.167Z"}
{"level":"warn","service":"campustrade-backend","message":"MongoDB disconnected","meta":null,"timestamp":"2026-05-13T11:51:30.161Z"}
{"level":"error","service":"campustrade-backend","message":"Failed to start server: querySrv ECONNREFUSED _mongodb._tcp.gmcstore.onglait.mongodb.net","meta":{"stack":"Error: querySrv ECONNREFUSED _mongodb._tcp.gmcstore.onglait.mongodb.net\n    at QueryReqWrap.onresolve [as oncomplete] (node:internal/dns/promises:292:17)"},"timestamp":"2026-05-13T11:51:54.982Z"}
{"level":"error","service":"campustrade-backend","message":"Failed to start server: querySrv ECONNREFUSED _mongodb._tcp.gmcstore.onglait.mongodb.net","meta":{"stack":"Error: querySrv ECONNREFUSED _mongodb._tcp.gmcstore.onglait.mongodb.net\n    at QueryReqWrap.onresolve [as oncomplete] (node:internal/dns/promises:292:17)"},"timestamp":"2026-05-13T11:52:12.682Z"}
{"level":"info","service":"campustrade-backend","message":"✅ Database Connected Successfully","meta":null,"timestamp":"2026-05-13T11:55:36.420Z"}
{"level":"info","service":"campustrade-backend","message":"🚀 Server running on port 6778","meta":null,"timestamp":"2026-05-13T11:55:36.457Z"}
{"level":"warn","service":"campustrade-backend","message":"MongoDB disconnected","meta":null,"timestamp":"2026-05-13T12:09:10.121Z"}
{"level":"warn","service":"campustrade-backend","message":"MongoDB disconnected","meta":null,"timestamp":"2026-05-13T12:14:09.825Z"}
{"level":"warn","service":"campustrade-backend","message":"MongoDB disconnected","meta":null,"timestamp":"2026-05-13T12:14:59.103Z"}
{"level":"warn","service":"campustrade-backend","message":"MongoDB disconnected","meta":null,"timestamp":"2026-05-13T12:17:28.124Z"}
{"level":"warn","service":"campustrade-backend","message":"MongoDB disconnected","meta":null,"timestamp":"2026-05-13T12:20:33.457Z"}
{"level":"error","service":"campustrade-backend","message":"next is not a function","stack":"TypeError: next is not a function\n    at model.Query.excludeDeleted (C:\\Users\\Dell\\Desktop\\CampusTrade\\App\\backend\\models\\base.schema.js:33:5)\n    at Kareem.execPre (C:\\Users\\Dell\\Desktop\\CampusTrade\\App\\backend\\node_modules\\kareem\\index.js:68:39)\n    at _executePreHooks (C:\\Users\\Dell\\Desktop\\CampusTrade\\App\\backend\\node_modules\\mongoose\\lib\\query.js:4784:33)\n    at model.Query.exec (C:\\Users\\Dell\\Desktop\\CampusTrade\\App\\backend\\node_modules\\mongoose\\lib\\query.js:4725:11)\n    at process.processTicksAndRejections (node:internal/process/task_queues:95:5)\n    at async Object.getAllProducts (C:\\Users\\Dell\\Desktop\\CampusTrade\\App\\backend\\services\\vendor\\product.service.js:55:20)\n    at async exports.getAllProducts (C:\\Users\\Dell\\Desktop\\CampusTrade\\App\\backend\\controllers\\Vendor\\product.controller.js:38:22)","meta":null,"timestamp":"2026-05-13T12:21:22.010Z"}
{"level":"error","service":"campustrade-backend","message":"next is not a function","stack":"TypeError: next is not a function\n    at model.Query.excludeDeleted (C:\\Users\\Dell\\Desktop\\CampusTrade\\App\\backend\\models\\base.schema.js:33:5)\n    at Kareem.execPre (C:\\Users\\Dell\\Desktop\\CampusTrade\\App\\backend\\node_modules\\kareem\\index.js:68:39)\n    at _executePreHooks (C:\\Users\\Dell\\Desktop\\CampusTrade\\App\\backend\\node_modules\\mongoose\\lib\\query.js:4784:33)\n    at model.Query.exec (C:\\Users\\Dell\\Desktop\\CampusTrade\\App\\backend\\node_modules\\mongoose\\lib\\query.js:4725:11)\n    at process.processTicksAndRejections (node:internal/process/task_queues:95:5)\n    at async Object.getAllProducts (C:\\Users\\Dell\\Desktop\\CampusTrade\\App\\backend\\services\\vendor\\product.service.js:55:20)\n    at async exports.getAllProducts (C:\\Users\\Dell\\Desktop\\CampusTrade\\App\\backend\\controllers\\Vendor\\product.controller.js:38:22)","meta":null,"timestamp":"2026-05-13T12:21:22.027Z"}
{"level":"error","service":"campustrade-backend","message":"next is not a function","stack":"TypeError: next is not a function\n    at model.Query.excludeDeleted (C:\\Users\\Dell\\Desktop\\CampusTrade\\App\\backend\\models\\base.schema.js:33:5)\n    at Kareem.execPre (C:\\Users\\Dell\\Desktop\\CampusTrade\\App\\backend\\node_modules\\kareem\\index.js:68:39)\n    at _executePreHooks (C:\\Users\\Dell\\Desktop\\CampusTrade\\App\\backend\\node_modules\\mongoose\\lib\\query.js:4784:33)\n    at model.Query.exec (C:\\Users\\Dell\\Desktop\\CampusTrade\\App\\backend\\node_modules\\mongoose\\lib\\query.js:4725:11)\n    at process.processTicksAndRejections (node:internal/process/task_queues:95:5)\n    at async Object.getAllProducts (C:\\Users\\Dell\\Desktop\\CampusTrade\\App\\backend\\services\\vendor\\product.service.js:55:20)\n    at async exports.getAllProducts (C:\\Users\\Dell\\Desktop\\CampusTrade\\App\\backend\\controllers\\Vendor\\product.controller.js:38:22)","meta":null,"timestamp":"2026-05-13T12:21:31.129Z"}
{"level":"error","service":"campustrade-backend","message":"next is not a function","stack":"TypeError: next is not a function\n    at model.Query.excludeDeleted (C:\\Users\\Dell\\Desktop\\CampusTrade\\App\\backend\\models\\base.schema.js:33:5)\n    at Kareem.execPre (C:\\Users\\Dell\\Desktop\\CampusTrade\\App\\backend\\node_modules\\kareem\\index.js:68:39)\n    at _executePreHooks (C:\\Users\\Dell\\Desktop\\CampusTrade\\App\\backend\\node_modules\\mongoose\\lib\\query.js:4784:33)\n    at model.Query.exec (C:\\Users\\Dell\\Desktop\\CampusTrade\\App\\backend\\node_modules\\mongoose\\lib\\query.js:4725:11)\n    at process.processTicksAndRejections (node:internal/process/task_queues:95:5)\n    at async Object.getAllProducts (C:\\Users\\Dell\\Desktop\\CampusTrade\\App\\backend\\services\\vendor\\product.service.js:55:20)\n    at async exports.getAllProducts (C:\\Users\\Dell\\Desktop\\CampusTrade\\App\\backend\\controllers\\Vendor\\product.controller.js:38:22)","meta":null,"timestamp":"2026-05-13T12:21:31.253Z"}
{"level":"info","service":"campustrade-backend","message":"✅ Database Connected Successfully","meta":null,"timestamp":"2026-05-13T13:05:20.647Z"}
{"level":"info","service":"campustrade-backend","message":"🚀 Server running on port 6778","meta":null,"timestamp":"2026-05-13T13:05:20.684Z"}
{"level":"info","service":"campustrade-backend","message":"✅ Database Connected Successfully","meta":null,"timestamp":"2026-05-14T11:39:20.061Z"}
{"level":"info","service":"campustrade-backend","message":"🚀 Server running on port 6778","meta":null,"timestamp":"2026-05-14T11:39:20.105Z"}
{"level":"warn","service":"campustrade-backend","message":"MongoDB disconnected","meta":null,"timestamp":"2026-05-14T11:42:19.145Z"}
{"level":"info","service":"campustrade-backend","message":"✅ Database Connected Successfully","meta":null,"timestamp":"2026-05-14T11:44:12.729Z"}
{"level":"info","service":"campustrade-backend","message":"🚀 Server running on port 6778","meta":null,"timestamp":"2026-05-14T11:44:12.760Z"}
{"level":"info","service":"campustrade-backend","message":"✅ Database Connected Successfully","meta":null,"timestamp":"2026-05-14T11:59:58.258Z"}
{"level":"info","service":"campustrade-backend","message":"🚀 Server running on port 6778","meta":null,"timestamp":"2026-05-14T11:59:58.309Z"}
{"level":"info","service":"campustrade-backend","message":"✅ Database Connected Successfully","meta":null,"timestamp":"2026-05-14T12:02:32.451Z"}
{"level":"info","service":"campustrade-backend","message":"🚀 Server running on port 6778","meta":null,"timestamp":"2026-05-14T12:02:32.514Z"}
{"level":"info","service":"campustrade-backend","message":"✅ Database Connected Successfully","meta":null,"timestamp":"2026-05-14T12:02:59.163Z"}
{"level":"info","service":"campustrade-backend","message":"🚀 Server running on port 6778","meta":null,"timestamp":"2026-05-14T12:02:59.178Z"}
{"level":"info","service":"campustrade-backend","message":"✅ Database Connected Successfully","meta":null,"timestamp":"2026-05-14T12:06:12.401Z"}
{"level":"info","service":"campustrade-backend","message":"🚀 Server running on port 6778","meta":null,"timestamp":"2026-05-14T12:06:12.425Z"}
{"level":"warn","service":"campustrade-backend","message":"MongoDB disconnected","meta":null,"timestamp":"2026-05-14T12:13:39.453Z"}
{"level":"warn","service":"campustrade-backend","message":"MongoDB disconnected","meta":null,"timestamp":"2026-05-14T12:15:24.483Z"}
{"level":"warn","service":"campustrade-backend","message":"MongoDB disconnected","meta":null,"timestamp":"2026-05-14T12:16:09.469Z"}
{"level":"warn","service":"campustrade-backend","message":"MongoDB disconnected","meta":null,"timestamp":"2026-05-14T12:16:34.858Z"}
{"level":"error","service":"campustrade-backend","message":"connection <monitor> to 65.62.2.94:27017 closed","stack":"MongoServerSelectionError: connection <monitor> to 65.62.2.94:27017 closed\n    at Topology.selectServer (C:\\Users\\Dell\\Desktop\\CampusTrade\\App\\backend\\node_modules\\mongodb\\lib\\sdam\\topology.js:347:38)\n    at async tryOperation (C:\\Users\\Dell\\Desktop\\CampusTrade\\App\\backend\\node_modules\\mongodb\\lib\\operations\\execute_operation.js:199:22)\n    at async executeOperation (C:\\Users\\Dell\\Desktop\\CampusTrade\\App\\backend\\node_modules\\mongodb\\lib\\operations\\execute_operation.js:80:16)\n    at async FindCursor._initialize (C:\\Users\\Dell\\Desktop\\CampusTrade\\App\\backend\\node_modules\\mongodb\\lib\\cursor\\find_cursor.js:62:26)\n    at async FindCursor.cursorInit (C:\\Users\\Dell\\Desktop\\CampusTrade\\App\\backend\\node_modules\\mongodb\\lib\\cursor\\abstract_cursor.js:620:27)\n    at async FindCursor.fetchBatch (C:\\Users\\Dell\\Desktop\\CampusTrade\\App\\backend\\node_modules\\mongodb\\lib\\cursor\\abstract_cursor.js:654:13)\n    at async FindCursor.next (C:\\Users\\Dell\\Desktop\\CampusTrade\\App\\backend\\node_modules\\mongodb\\lib\\cursor\\abstract_cursor.js:326:17)\n    at async [Symbol.asyncIterator] (C:\\Users\\Dell\\Desktop\\CampusTrade\\App\\backend\\node_modules\\mongodb\\lib\\cursor\\abstract_cursor.js:254:34)\n    at async FindCursor.toArray (C:\\Users\\Dell\\Desktop\\CampusTrade\\App\\backend\\node_modules\\mongodb\\lib\\cursor\\abstract_cursor.js:406:26)\n    at async model.Query._find (C:\\Users\\Dell\\Desktop\\CampusTrade\\App\\backend\\node_modules\\mongoose\\lib\\query.js:2434:14)","meta":null,"timestamp":"2026-05-14T12:16:39.881Z"}
{"level":"error","service":"campustrade-backend","message":"Failed to start server: Socket 'secureConnect' timed out after 11220ms (connectTimeoutMS: 10000)","meta":{"stack":"MongoNetworkTimeoutError: Socket 'secureConnect' timed out after 11220ms (connectTimeoutMS: 10000)\n    at TLSSocket.<anonymous> (C:\\Users\\Dell\\Desktop\\CampusTrade\\App\\backend\\node_modules\\mongodb\\lib\\cmap\\connect.js:315:20)\n    at Object.onceWrapper (node:events:638:28)\n    at TLSSocket.emit (node:events:524:28)\n    at Socket._onTimeout (node:net:595:8)\n    at listOnTimeout (node:internal/timers:581:17)\n    at process.processTimers (node:internal/timers:519:7)"},"timestamp":"2026-05-14T12:17:53.535Z"}
{"level":"info","service":"campustrade-backend","message":"✅ Database Connected Successfully","meta":null,"timestamp":"2026-05-14T12:19:45.545Z"}
{"level":"info","service":"campustrade-backend","message":"🚀 Server running on port 6778","meta":null,"timestamp":"2026-05-14T12:19:45.633Z"}
{"level":"warn","service":"campustrade-backend","message":"MongoDB disconnected","meta":null,"timestamp":"2026-05-14T12:20:32.556Z"}
{"level":"warn","service":"campustrade-backend","message":"MongoDB disconnected","meta":null,"timestamp":"2026-05-14T12:21:17.889Z"}
{"level":"warn","service":"campustrade-backend","message":"MongoDB disconnected","meta":null,"timestamp":"2026-05-14T12:21:48.684Z"}
{"level":"warn","service":"campustrade-backend","message":"MongoDB disconnected","meta":null,"timestamp":"2026-05-14T12:23:04.311Z"}
{"level":"error","service":"campustrade-backend","message":"read ECONNRESET","stack":"MongoNetworkError: read ECONNRESET\n    at Connection.onSocketError (C:\\Users\\Dell\\Desktop\\CampusTrade\\App\\backend\\node_modules\\mongodb\\lib\\cmap\\connection.js:124:22)\n    at TLSSocket.emit (node:events:536:35)\n    at emitErrorNT (node:internal/streams/destroy:169:8)\n    at emitErrorCloseNT (node:internal/streams/destroy:128:3)\n    at process.processTicksAndRejections (node:internal/process/task_queues:82:21)","meta":null,"timestamp":"2026-05-14T12:23:06.373Z"}
{"level":"error","service":"campustrade-backend","message":"Must supply api_key","meta":null,"timestamp":"2026-05-14T12:26:02.714Z"}
{"level":"error","service":"campustrade-backend","message":"Must supply api_key","meta":null,"timestamp":"2026-05-14T12:26:03.549Z"}
{"level":"error","service":"campustrade-backend","message":"Must supply api_key","meta":null,"timestamp":"2026-05-14T12:26:04.292Z"}
{"level":"error","service":"campustrade-backend","message":"Must supply api_key","meta":null,"timestamp":"2026-05-14T12:26:04.838Z"}
{"level":"error","service":"campustrade-backend","message":"Must supply api_key","meta":null,"timestamp":"2026-05-14T12:26:05.089Z"}
{"level":"info","service":"campustrade-backend","message":"✅ Database Connected Successfully","meta":null,"timestamp":"2026-05-14T12:26:35.518Z"}
{"level":"info","service":"campustrade-backend","message":"🚀 Server running on port 6778","meta":null,"timestamp":"2026-05-14T12:26:35.568Z"}
{"level":"error","service":"campustrade-backend","message":"Must supply api_key","meta":null,"timestamp":"2026-05-14T12:26:37.954Z"}
{"level":"info","service":"campustrade-backend","message":"✅ Database Connected Successfully","meta":null,"timestamp":"2026-05-14T12:35:13.724Z"}
{"level":"info","service":"campustrade-backend","message":"🚀 Server running on port 6778","meta":null,"timestamp":"2026-05-14T12:35:13.780Z"}
{"level":"error","service":"campustrade-backend","message":"Must supply api_key","meta":null,"timestamp":"2026-05-14T12:35:52.979Z"}
{"level":"info","service":"campustrade-backend","message":"✅ Database Connected Successfully","meta":null,"timestamp":"2026-05-14T12:36:33.751Z"}
{"level":"info","service":"campustrade-backend","message":"🚀 Server running on port 6778","meta":null,"timestamp":"2026-05-14T12:36:33.764Z"}
{"level":"info","service":"campustrade-backend","message":"✅ Database Connected Successfully","meta":null,"timestamp":"2026-05-14T12:36:52.545Z"}
{"level":"info","service":"campustrade-backend","message":"🚀 Server running on port 6778","meta":null,"timestamp":"2026-05-14T12:36:52.558Z"}
{"level":"error","service":"campustrade-backend","message":"Must supply api_key","meta":null,"timestamp":"2026-05-14T12:37:12.325Z"}
{"level":"info","service":"campustrade-backend","message":"✅ Database Connected Successfully","meta":null,"timestamp":"2026-05-14T12:41:47.573Z"}
{"level":"info","service":"campustrade-backend","message":"🚀 Server running on port 6778","meta":null,"timestamp":"2026-05-14T12:41:47.591Z"}
{"level":"error","service":"campustrade-backend","message":"Must supply api_key","meta":null,"timestamp":"2026-05-14T12:41:53.371Z"}
{"level":"warn","service":"campustrade-backend","message":"MongoDB disconnected","meta":null,"timestamp":"2026-05-14T12:42:17.588Z"}
{"level":"warn","service":"campustrade-backend","message":"MongoDB disconnected","meta":null,"timestamp":"2026-05-14T12:43:19.253Z"}
{"level":"error","service":"campustrade-backend","message":"read ECONNRESET","stack":"MongoNetworkError: read ECONNRESET\n    at Connection.onSocketError (C:\\Users\\Dell\\Desktop\\CampusTrade\\App\\backend\\node_modules\\mongodb\\lib\\cmap\\connection.js:124:22)\n    at TLSSocket.emit (node:events:536:35)\n    at emitErrorNT (node:internal/streams/destroy:169:8)\n    at emitErrorCloseNT (node:internal/streams/destroy:128:3)\n    at process.processTicksAndRejections (node:internal/process/task_queues:82:21)","meta":null,"timestamp":"2026-05-14T12:43:22.163Z"}
{"level":"error","service":"campustrade-backend","message":"Must supply api_key","meta":null,"timestamp":"2026-05-14T12:47:27.171Z"}
{"level":"warn","service":"campustrade-backend","message":"MongoDB disconnected","meta":null,"timestamp":"2026-05-14T12:50:46.141Z"}
{"level":"info","service":"campustrade-backend","message":"✅ Database Connected Successfully","meta":null,"timestamp":"2026-05-14T12:52:09.500Z"}
{"level":"info","service":"campustrade-backend","message":"🚀 Server running on port 6778","meta":null,"timestamp":"2026-05-14T12:52:09.536Z"}
{"level":"info","service":"campustrade-backend","message":"✅ Database Connected Successfully","meta":null,"timestamp":"2026-05-14T12:52:23.230Z"}
{"level":"info","service":"campustrade-backend","message":"🚀 Server running on port 6778","meta":null,"timestamp":"2026-05-14T12:52:23.244Z"}
{"level":"warn","service":"campustrade-backend","message":"MongoDB disconnected","meta":null,"timestamp":"2026-05-14T12:56:18.725Z"}
{"level":"warn","service":"campustrade-backend","message":"MongoDB disconnected","meta":null,"timestamp":"2026-05-14T12:58:50.667Z"}
{"level":"info","service":"campustrade-backend","message":"✅ Database Connected Successfully","meta":null,"timestamp":"2026-05-15T09:52:19.006Z"}
{"level":"info","service":"campustrade-backend","message":"🚀 Server running on port 6778","meta":null,"timestamp":"2026-05-15T09:52:19.131Z"}
{"level":"info","service":"campustrade-backend","message":"✅ Database Connected Successfully","meta":null,"timestamp":"2026-05-15T09:55:14.598Z"}
{"level":"info","service":"campustrade-backend","message":"🚀 Server running on port 6778","meta":null,"timestamp":"2026-05-15T09:55:14.782Z"}
{"level":"info","service":"campustrade-backend","message":"✅ Database Connected Successfully","meta":null,"timestamp":"2026-05-15T09:59:48.060Z"}
{"level":"info","service":"campustrade-backend","message":"🚀 Server running on port 6778","meta":null,"timestamp":"2026-05-15T09:59:48.118Z"}
{"level":"info","service":"campustrade-backend","message":"✅ Database Connected Successfully","meta":null,"timestamp":"2026-05-15T10:11:49.543Z"}
{"level":"info","service":"campustrade-backend","message":"🚀 Server running on port 6778","meta":null,"timestamp":"2026-05-15T10:11:49.591Z"}
{"level":"info","service":"campustrade-backend","message":"✅ Database Connected Successfully","meta":null,"timestamp":"2026-05-15T10:24:07.947Z"}
{"level":"info","service":"campustrade-backend","message":"🚀 Server running on port 6778","meta":null,"timestamp":"2026-05-15T10:24:07.989Z"}
{"level":"info","service":"campustrade-backend","message":"✅ Database Connected Successfully","meta":null,"timestamp":"2026-05-15T10:32:15.383Z"}
{"level":"info","service":"campustrade-backend","message":"🚀 Server running on port 6778","meta":null,"timestamp":"2026-05-15T10:32:15.396Z"}
{"level":"warn","service":"campustrade-backend","message":"MongoDB disconnected","meta":null,"timestamp":"2026-05-15T10:33:31.594Z"}
{"level":"error","service":"campustrade-backend","message":"Fetch Vendor Orders Error:","meta":{"errorLabelSet":{},"reason":{"type":"ReplicaSetNoPrimary","servers":{"ac-jzbnejj-shard-00-02.onglait.mongodb.net:27017":{"address":"ac-jzbnejj-shard-00-02.onglait.mongodb.net:27017","type":"RSSecondary","hosts":["ac-jzbnejj-shard-00-00.onglait.mongodb.net:27017","ac-jzbnejj-shard-00-01.onglait.mongodb.net:27017","ac-jzbnejj-shard-00-02.onglait.mongodb.net:27017"],"passives":[],"arbiters":[],"tags":{"nodeType":"ELECTABLE","cacheState":"READY","availabilityZone":"euw3-az3","region":"EU_WEST_3","provider":"AWS","workloadType":"OPERATIONAL","diskState":"READY"},"minWireVersion":0,"maxWireVersion":25,"roundTripTime":690.4444444444445,"minRoundTripTime":190,"lastUpdateTime":86797,"lastWriteDate":{"$date":"2026-05-15T10:33:32Z"},"error":null,"topologyVersion":{"processId":{"$oid":"69fdea7c461769e9fabe3467"},"counter":3},"setName":"atlas-b1sdpp-shard-0","setVersion":32,"electionId":null,"logicalSessionTimeoutMinutes":30,"maxMessageSizeBytes":48000000,"maxWriteBatchSize":100000,"maxBsonObjectSize":16777216,"primary":"ac-jzbnejj-shard-00-01.onglait.mongodb.net:27017","me":"ac-jzbnejj-shard-00-02.onglait.mongodb.net:27017","$clusterTime":{"clusterTime":{"$timestamp":{"t":1778841212,"i":70}},"signature":{"hash":{"$binary":{"base64":"u7au4WQIVy8euSrEn+xxeX2Xkrg=","subType":"00"}},"keyId":7610810747207025000}},"iscryptd":false},"ac-jzbnejj-shard-00-00.onglait.mongodb.net:27017":{"address":"ac-jzbnejj-shard-00-00.onglait.mongodb.net:27017","type":"RSSecondary","hosts":["ac-jzbnejj-shard-00-00.onglait.mongodb.net:27017","ac-jzbnejj-shard-00-01.onglait.mongodb.net:27017","ac-jzbnejj-shard-00-02.onglait.mongodb.net:27017"],"passives":[],"arbiters":[],"tags":{"provider":"AWS","workloadType":"OPERATIONAL","nodeType":"ELECTABLE","availabilityZone":"euw3-az1","diskState":"READY","region":"EU_WEST_3","cacheState":"READY"},"minWireVersion":0,"maxWireVersion":25,"roundTripTime":554.8888888888889,"minRoundTripTime":150,"lastUpdateTime":86795,"lastWriteDate":{"$date":"2026-05-15T10:33:32Z"},"error":null,"topologyVersion":{"processId":{"$oid":"69fde57dc46f88d390a5831e"},"counter":4},"setName":"atlas-b1sdpp-shard-0","setVersion":32,"electionId":null,"logicalSessionTimeoutMinutes":30,"maxMessageSizeBytes":48000000,"maxWriteBatchSize":100000,"maxBsonObjectSize":16777216,"primary":"ac-jzbnejj-shard-00-01.onglait.mongodb.net:27017","me":"ac-jzbnejj-shard-00-00.onglait.mongodb.net:27017","$clusterTime":{"clusterTime":{"$timestamp":{"t":1778841212,"i":77}},"signature":{"hash":{"$binary":{"base64":"u7au4WQIVy8euSrEn+xxeX2Xkrg=","subType":"00"}},"keyId":7610810747207025000}},"iscryptd":false},"ac-jzbnejj-shard-00-01.onglait.mongodb.net:27017":{"address":"ac-jzbnejj-shard-00-01.onglait.mongodb.net:27017","type":"Unknown","hosts":[],"passives":[],"arbiters":[],"tags":{},"minWireVersion":0,"maxWireVersion":0,"roundTripTime":-1,"minRoundTripTime":0,"lastUpdateTime":82267,"lastWriteDate":0,"error":{"errorLabelSet":{},"beforeHandshake":false},"topologyVersion":null,"setName":null,"setVersion":null,"electionId":null,"logicalSessionTimeoutMinutes":null,"maxMessageSizeBytes":null,"maxWriteBatchSize":null,"maxBsonObjectSize":null,"primary":null,"me":null,"$clusterTime":null,"iscryptd":false}},"stale":false,"compatible":true,"heartbeatFrequencyMS":10000,"localThresholdMS":15,"setName":"atlas-b1sdpp-shard-0","maxElectionId":{"$oid":"7fffffff00000000000000fe"},"maxSetVersion":32,"commonWireVersion":25,"logicalSessionTimeoutMinutes":30}},"timestamp":"2026-05-15T10:33:36.609Z"}
{"level":"error","service":"campustrade-backend","message":"connection <monitor> to 65.62.2.94:27017 closed","stack":"MongoServerSelectionError: connection <monitor> to 65.62.2.94:27017 closed\n    at Topology.selectServer (C:\\Users\\Dell\\Desktop\\CampusTrade\\App\\backend\\node_modules\\mongodb\\lib\\sdam\\topology.js:347:38)\n    at async tryOperation (C:\\Users\\Dell\\Desktop\\CampusTrade\\App\\backend\\node_modules\\mongodb\\lib\\operations\\execute_operation.js:150:18)\n    at async executeOperation (C:\\Users\\Dell\\Desktop\\CampusTrade\\App\\backend\\node_modules\\mongodb\\lib\\operations\\execute_operation.js:80:16)\n    at async FindCursor._initialize (C:\\Users\\Dell\\Desktop\\CampusTrade\\App\\backend\\node_modules\\mongodb\\lib\\cursor\\find_cursor.js:62:26)\n    at async FindCursor.cursorInit (C:\\Users\\Dell\\Desktop\\CampusTrade\\App\\backend\\node_modules\\mongodb\\lib\\cursor\\abstract_cursor.js:620:27)\n    at async FindCursor.fetchBatch (C:\\Users\\Dell\\Desktop\\CampusTrade\\App\\backend\\node_modules\\mongodb\\lib\\cursor\\abstract_cursor.js:654:13)\n    at async FindCursor.next (C:\\Users\\Dell\\Desktop\\CampusTrade\\App\\backend\\node_modules\\mongodb\\lib\\cursor\\abstract_cursor.js:326:17)\n    at async [Symbol.asyncIterator] (C:\\Users\\Dell\\Desktop\\CampusTrade\\App\\backend\\node_modules\\mongodb\\lib\\cursor\\abstract_cursor.js:254:34)\n    at async FindCursor.toArray (C:\\Users\\Dell\\Desktop\\CampusTrade\\App\\backend\\node_modules\\mongodb\\lib\\cursor\\abstract_cursor.js:406:26)\n    at async model.Query._find (C:\\Users\\Dell\\Desktop\\CampusTrade\\App\\backend\\node_modules\\mongoose\\lib\\query.js:2434:14)","meta":null,"timestamp":"2026-05-15T10:33:36.736Z"}
{"level":"error","service":"campustrade-backend","message":"connection <monitor> to 65.62.2.94:27017 closed","stack":"MongoServerSelectionError: connection <monitor> to 65.62.2.94:27017 closed\n    at Topology.selectServer (C:\\Users\\Dell\\Desktop\\CampusTrade\\App\\backend\\node_modules\\mongodb\\lib\\sdam\\topology.js:347:38)\n    at async tryOperation (C:\\Users\\Dell\\Desktop\\CampusTrade\\App\\backend\\node_modules\\mongodb\\lib\\operations\\execute_operation.js:150:18)\n    at async executeOperation (C:\\Users\\Dell\\Desktop\\CampusTrade\\App\\backend\\node_modules\\mongodb\\lib\\operations\\execute_operation.js:80:16)\n    at async FindCursor._initialize (C:\\Users\\Dell\\Desktop\\CampusTrade\\App\\backend\\node_modules\\mongodb\\lib\\cursor\\find_cursor.js:62:26)\n    at async FindCursor.cursorInit (C:\\Users\\Dell\\Desktop\\CampusTrade\\App\\backend\\node_modules\\mongodb\\lib\\cursor\\abstract_cursor.js:620:27)\n    at async FindCursor.fetchBatch (C:\\Users\\Dell\\Desktop\\CampusTrade\\App\\backend\\node_modules\\mongodb\\lib\\cursor\\abstract_cursor.js:654:13)\n    at async FindCursor.next (C:\\Users\\Dell\\Desktop\\CampusTrade\\App\\backend\\node_modules\\mongodb\\lib\\cursor\\abstract_cursor.js:326:17)\n    at async [Symbol.asyncIterator] (C:\\Users\\Dell\\Desktop\\CampusTrade\\App\\backend\\node_modules\\mongodb\\lib\\cursor\\abstract_cursor.js:254:34)\n    at async FindCursor.toArray (C:\\Users\\Dell\\Desktop\\CampusTrade\\App\\backend\\node_modules\\mongodb\\lib\\cursor\\abstract_cursor.js:406:26)\n    at async model.Query._find (C:\\Users\\Dell\\Desktop\\CampusTrade\\App\\backend\\node_modules\\mongoose\\lib\\query.js:2434:14)","meta":null,"timestamp":"2026-05-15T10:33:36.771Z"}
{"level":"error","service":"campustrade-backend","message":"Fetch Vendor Orders Error:","meta":{"errorLabelSet":{},"reason":{"type":"ReplicaSetNoPrimary","servers":{"ac-jzbnejj-shard-00-02.onglait.mongodb.net:27017":{"address":"ac-jzbnejj-shard-00-02.onglait.mongodb.net:27017","type":"RSSecondary","hosts":["ac-jzbnejj-shard-00-00.onglait.mongodb.net:27017","ac-jzbnejj-shard-00-01.onglait.mongodb.net:27017","ac-jzbnejj-shard-00-02.onglait.mongodb.net:27017"],"passives":[],"arbiters":[],"tags":{"nodeType":"ELECTABLE","cacheState":"READY","availabilityZone":"euw3-az3","region":"EU_WEST_3","provider":"AWS","workloadType":"OPERATIONAL","diskState":"READY"},"minWireVersion":0,"maxWireVersion":25,"roundTripTime":690.4444444444445,"minRoundTripTime":190,"lastUpdateTime":86797,"lastWriteDate":{"$date":"2026-05-15T10:33:32Z"},"error":null,"topologyVersion":{"processId":{"$oid":"69fdea7c461769e9fabe3467"},"counter":3},"setName":"atlas-b1sdpp-shard-0","setVersion":32,"electionId":null,"logicalSessionTimeoutMinutes":30,"maxMessageSizeBytes":48000000,"maxWriteBatchSize":100000,"maxBsonObjectSize":16777216,"primary":"ac-jzbnejj-shard-00-01.onglait.mongodb.net:27017","me":"ac-jzbnejj-shard-00-02.onglait.mongodb.net:27017","$clusterTime":{"clusterTime":{"$timestamp":{"t":1778841212,"i":70}},"signature":{"hash":{"$binary":{"base64":"u7au4WQIVy8euSrEn+xxeX2Xkrg=","subType":"00"}},"keyId":7610810747207025000}},"iscryptd":false},"ac-jzbnejj-shard-00-00.onglait.mongodb.net:27017":{"address":"ac-jzbnejj-shard-00-00.onglait.mongodb.net:27017","type":"RSSecondary","hosts":["ac-jzbnejj-shard-00-00.onglait.mongodb.net:27017","ac-jzbnejj-shard-00-01.onglait.mongodb.net:27017","ac-jzbnejj-shard-00-02.onglait.mongodb.net:27017"],"passives":[],"arbiters":[],"tags":{"provider":"AWS","workloadType":"OPERATIONAL","nodeType":"ELECTABLE","availabilityZone":"euw3-az1","diskState":"READY","region":"EU_WEST_3","cacheState":"READY"},"minWireVersion":0,"maxWireVersion":25,"roundTripTime":554.8888888888889,"minRoundTripTime":150,"lastUpdateTime":86795,"lastWriteDate":{"$date":"2026-05-15T10:33:32Z"},"error":null,"topologyVersion":{"processId":{"$oid":"69fde57dc46f88d390a5831e"},"counter":4},"setName":"atlas-b1sdpp-shard-0","setVersion":32,"electionId":null,"logicalSessionTimeoutMinutes":30,"maxMessageSizeBytes":48000000,"maxWriteBatchSize":100000,"maxBsonObjectSize":16777216,"primary":"ac-jzbnejj-shard-00-01.onglait.mongodb.net:27017","me":"ac-jzbnejj-shard-00-00.onglait.mongodb.net:27017","$clusterTime":{"clusterTime":{"$timestamp":{"t":1778841212,"i":77}},"signature":{"hash":{"$binary":{"base64":"u7au4WQIVy8euSrEn+xxeX2Xkrg=","subType":"00"}},"keyId":7610810747207025000}},"iscryptd":false},"ac-jzbnejj-shard-00-01.onglait.mongodb.net:27017":{"address":"ac-jzbnejj-shard-00-01.onglait.mongodb.net:27017","type":"Unknown","hosts":[],"passives":[],"arbiters":[],"tags":{},"minWireVersion":0,"maxWireVersion":0,"roundTripTime":-1,"minRoundTripTime":0,"lastUpdateTime":82267,"lastWriteDate":0,"error":{"errorLabelSet":{},"beforeHandshake":false},"topologyVersion":null,"setName":null,"setVersion":null,"electionId":null,"logicalSessionTimeoutMinutes":null,"maxMessageSizeBytes":null,"maxWriteBatchSize":null,"maxBsonObjectSize":null,"primary":null,"me":null,"$clusterTime":null,"iscryptd":false}},"stale":false,"compatible":true,"heartbeatFrequencyMS":10000,"localThresholdMS":15,"setName":"atlas-b1sdpp-shard-0","maxElectionId":{"$oid":"7fffffff00000000000000fe"},"maxSetVersion":32,"commonWireVersion":25,"logicalSessionTimeoutMinutes":30}},"timestamp":"2026-05-15T10:33:41.642Z"}
{"level":"info","service":"campustrade-backend","message":"✅ Database Connected Successfully","meta":null,"timestamp":"2026-05-15T10:34:17.144Z"}
{"level":"info","service":"campustrade-backend","message":"🚀 Server running on port 6778","meta":null,"timestamp":"2026-05-15T10:34:17.169Z"}
{"level":"warn","service":"campustrade-backend","message":"MongoDB disconnected","meta":null,"timestamp":"2026-05-15T10:44:45.786Z"}
{"level":"info","service":"campustrade-backend","message":"✅ Database Connected Successfully","meta":null,"timestamp":"2026-05-15T10:53:58.162Z"}
{"level":"info","service":"campustrade-backend","message":"🚀 Server running on port 6778","meta":null,"timestamp":"2026-05-15T10:53:58.201Z"}
{"level":"error","service":"campustrade-backend","message":"Failed to start server: Server selection timed out after 5000 ms","meta":{"stack":"MongooseServerSelectionError: Server selection timed out after 5000 ms\n    at _handleConnectionErrors (C:\\Users\\Dell\\Desktop\\CampusTrade\\App\\backend\\node_modules\\mongoose\\lib\\connection.js:1180:11)\n    at NativeConnection.openUri (C:\\Users\\Dell\\Desktop\\CampusTrade\\App\\backend\\node_modules\\mongoose\\lib\\connection.js:1111:11)\n    at async startServer (C:\\Users\\Dell\\Desktop\\CampusTrade\\App\\backend\\index.js:41:5)"},"timestamp":"2026-05-15T10:54:15.051Z"}
{"level":"info","service":"campustrade-backend","message":"✅ Database Connected Successfully","meta":null,"timestamp":"2026-05-15T10:54:42.441Z"}
{"level":"info","service":"campustrade-backend","message":"🚀 Server running on port 6778","meta":null,"timestamp":"2026-05-15T10:54:42.466Z"}
{"level":"info","service":"campustrade-backend","message":"✅ Database Connected Successfully","meta":null,"timestamp":"2026-05-15T10:56:44.571Z"}
{"level":"info","service":"campustrade-backend","message":"🚀 Server running on port 6778","meta":null,"timestamp":"2026-05-15T10:56:44.606Z"}
{"level":"info","service":"campustrade-backend","message":"✅ Database Connected Successfully","meta":null,"timestamp":"2026-05-15T10:57:13.456Z"}
{"level":"info","service":"campustrade-backend","message":"🚀 Server running on port 6778","meta":null,"timestamp":"2026-05-15T10:57:13.486Z"}
{"level":"info","service":"campustrade-backend","message":"✅ Database Connected Successfully","meta":null,"timestamp":"2026-05-15T10:57:42.191Z"}
{"level":"info","service":"campustrade-backend","message":"🚀 Server running on port 6778","meta":null,"timestamp":"2026-05-15T10:57:42.220Z"}
{"level":"warn","service":"campustrade-backend","message":"MongoDB disconnected","meta":null,"timestamp":"2026-05-15T11:12:42.244Z"}
{"level":"error","service":"campustrade-backend","message":"Fetch Single Vendor Order Error:","meta":{"errorLabelSet":{},"reason":{"type":"ReplicaSetNoPrimary","servers":{"ac-jzbnejj-shard-00-00.onglait.mongodb.net:27017":{"address":"ac-jzbnejj-shard-00-00.onglait.mongodb.net:27017","type":"Unknown","hosts":[],"passives":[],"arbiters":[],"tags":{},"minWireVersion":0,"maxWireVersion":0,"roundTripTime":-1,"minRoundTripTime":0,"lastUpdateTime":945583,"lastWriteDate":0,"error":{"errorLabelSet":{},"beforeHandshake":false},"topologyVersion":null,"setName":null,"setVersion":null,"electionId":null,"logicalSessionTimeoutMinutes":null,"maxMessageSizeBytes":null,"maxWriteBatchSize":null,"maxBsonObjectSize":null,"primary":null,"me":null,"$clusterTime":null,"iscryptd":false},"ac-jzbnejj-shard-00-02.onglait.mongodb.net:27017":{"address":"ac-jzbnejj-shard-00-02.onglait.mongodb.net:27017","type":"Unknown","hosts":[],"passives":[],"arbiters":[],"tags":{},"minWireVersion":0,"maxWireVersion":0,"roundTripTime":-1,"minRoundTripTime":0,"lastUpdateTime":945582,"lastWriteDate":0,"error":{"errorLabelSet":{},"beforeHandshake":false},"topologyVersion":null,"setName":null,"setVersion":null,"electionId":null,"logicalSessionTimeoutMinutes":null,"maxMessageSizeBytes":null,"maxWriteBatchSize":null,"maxBsonObjectSize":null,"primary":null,"me":null,"$clusterTime":null,"iscryptd":false},"ac-jzbnejj-shard-00-01.onglait.mongodb.net:27017":{"address":"ac-jzbnejj-shard-00-01.onglait.mongodb.net:27017","type":"Unknown","hosts":[],"passives":[],"arbiters":[],"tags":{},"minWireVersion":0,"maxWireVersion":0,"roundTripTime":-1,"minRoundTripTime":0,"lastUpdateTime":941425,"lastWriteDate":0,"error":{"errorLabelSet":{},"beforeHandshake":false},"topologyVersion":null,"setName":null,"setVersion":null,"electionId":null,"logicalSessionTimeoutMinutes":null,"maxMessageSizeBytes":null,"maxWriteBatchSize":null,"maxBsonObjectSize":null,"primary":null,"me":null,"$clusterTime":null,"iscryptd":false}},"stale":false,"compatible":true,"heartbeatFrequencyMS":10000,"localThresholdMS":15,"setName":"atlas-b1sdpp-shard-0","maxElectionId":{"$oid":"7fffffff00000000000000fe"},"maxSetVersion":32,"commonWireVersion":25,"logicalSessionTimeoutMinutes":null}},"timestamp":"2026-05-15T11:13:18.228Z"}
{"level":"error","service":"campustrade-backend","message":"getaddrinfo ENOTFOUND ac-jzbnejj-shard-00-00.onglait.mongodb.net","stack":"MongoServerSelectionError: getaddrinfo ENOTFOUND ac-jzbnejj-shard-00-00.onglait.mongodb.net\n    at Topology.selectServer (C:\\Users\\Dell\\Desktop\\CampusTrade\\App\\backend\\node_modules\\mongodb\\lib\\sdam\\topology.js:347:38)\n    at async tryOperation (C:\\Users\\Dell\\Desktop\\CampusTrade\\App\\backend\\node_modules\\mongodb\\lib\\operations\\execute_operation.js:199:22)\n    at async executeOperation (C:\\Users\\Dell\\Desktop\\CampusTrade\\App\\backend\\node_modules\\mongodb\\lib\\operations\\execute_operation.js:80:16)\n    at async FindCursor._initialize (C:\\Users\\Dell\\Desktop\\CampusTrade\\App\\backend\\node_modules\\mongodb\\lib\\cursor\\find_cursor.js:62:26)\n    at async FindCursor.cursorInit (C:\\Users\\Dell\\Desktop\\CampusTrade\\App\\backend\\node_modules\\mongodb\\lib\\cursor\\abstract_cursor.js:620:27)\n    at async FindCursor.fetchBatch (C:\\Users\\Dell\\Desktop\\CampusTrade\\App\\backend\\node_modules\\mongodb\\lib\\cursor\\abstract_cursor.js:654:13)\n    at async FindCursor.next (C:\\Users\\Dell\\Desktop\\CampusTrade\\App\\backend\\node_modules\\mongodb\\lib\\cursor\\abstract_cursor.js:326:17)\n    at async Collection.findOne (C:\\Users\\Dell\\Desktop\\CampusTrade\\App\\backend\\node_modules\\mongodb\\lib\\collection.js:313:24)\n    at async model.Query._findOne (C:\\Users\\Dell\\Desktop\\CampusTrade\\App\\backend\\node_modules\\mongoose\\lib\\query.js:2731:15)\n    at async model.Query.exec (C:\\Users\\Dell\\Desktop\\CampusTrade\\App\\backend\\node_modules\\mongoose\\lib\\query.js:4726:63)","meta":null,"timestamp":"2026-05-15T11:13:18.309Z"}
{"level":"error","service":"campustrade-backend","message":"Socket 'secureConnect' timed out after 11606ms (connectTimeoutMS: 10000)","stack":"MongoNetworkTimeoutError: Socket 'secureConnect' timed out after 11606ms (connectTimeoutMS: 10000)\n    at TLSSocket.<anonymous> (C:\\Users\\Dell\\Desktop\\CampusTrade\\App\\backend\\node_modules\\mongodb\\lib\\cmap\\connect.js:315:20)\n    at Object.onceWrapper (node:events:638:28)\n    at TLSSocket.emit (node:events:524:28)\n    at Socket._onTimeout (node:net:595:8)\n    at listOnTimeout (node:internal/timers:581:17)\n    at process.processTimers (node:internal/timers:519:7)","meta":null,"timestamp":"2026-05-15T11:13:18.622Z"}
{"level":"error","service":"campustrade-backend","message":"Fetch Single Vendor Order Error:","meta":{"errorLabelSet":{},"reason":{"type":"ReplicaSetNoPrimary","servers":{"ac-jzbnejj-shard-00-00.onglait.mongodb.net:27017":{"address":"ac-jzbnejj-shard-00-00.onglait.mongodb.net:27017","type":"Unknown","hosts":[],"passives":[],"arbiters":[],"tags":{},"minWireVersion":0,"maxWireVersion":0,"roundTripTime":-1,"minRoundTripTime":0,"lastUpdateTime":945583,"lastWriteDate":0,"error":{"errorLabelSet":{},"beforeHandshake":false},"topologyVersion":null,"setName":null,"setVersion":null,"electionId":null,"logicalSessionTimeoutMinutes":null,"maxMessageSizeBytes":null,"maxWriteBatchSize":null,"maxBsonObjectSize":null,"primary":null,"me":null,"$clusterTime":null,"iscryptd":false},"ac-jzbnejj-shard-00-02.onglait.mongodb.net:27017":{"address":"ac-jzbnejj-shard-00-02.onglait.mongodb.net:27017","type":"Unknown","hosts":[],"passives":[],"arbiters":[],"tags":{},"minWireVersion":0,"maxWireVersion":0,"roundTripTime":-1,"minRoundTripTime":0,"lastUpdateTime":945582,"lastWriteDate":0,"error":{"errorLabelSet":{},"beforeHandshake":false},"topologyVersion":null,"setName":null,"setVersion":null,"electionId":null,"logicalSessionTimeoutMinutes":null,"maxMessageSizeBytes":null,"maxWriteBatchSize":null,"maxBsonObjectSize":null,"primary":null,"me":null,"$clusterTime":null,"iscryptd":false},"ac-jzbnejj-shard-00-01.onglait.mongodb.net:27017":{"address":"ac-jzbnejj-shard-00-01.onglait.mongodb.net:27017","type":"Unknown","hosts":[],"passives":[],"arbiters":[],"tags":{},"minWireVersion":0,"maxWireVersion":0,"roundTripTime":-1,"minRoundTripTime":0,"lastUpdateTime":941425,"lastWriteDate":0,"error":{"errorLabelSet":{},"beforeHandshake":false},"topologyVersion":null,"setName":null,"setVersion":null,"electionId":null,"logicalSessionTimeoutMinutes":null,"maxMessageSizeBytes":null,"maxWriteBatchSize":null,"maxBsonObjectSize":null,"primary":null,"me":null,"$clusterTime":null,"iscryptd":false}},"stale":false,"compatible":true,"heartbeatFrequencyMS":10000,"localThresholdMS":15,"setName":"atlas-b1sdpp-shard-0","maxElectionId":{"$oid":"7fffffff00000000000000fe"},"maxSetVersion":32,"commonWireVersion":25,"logicalSessionTimeoutMinutes":null}},"timestamp":"2026-05-15T11:13:21.980Z"}
{"level":"error","service":"campustrade-backend","message":"getaddrinfo ENOTFOUND ac-jzbnejj-shard-00-00.onglait.mongodb.net","stack":"MongoServerSelectionError: getaddrinfo ENOTFOUND ac-jzbnejj-shard-00-00.onglait.mongodb.net\n    at Topology.selectServer (C:\\Users\\Dell\\Desktop\\CampusTrade\\App\\backend\\node_modules\\mongodb\\lib\\sdam\\topology.js:347:38)\n    at async tryOperation (C:\\Users\\Dell\\Desktop\\CampusTrade\\App\\backend\\node_modules\\mongodb\\lib\\operations\\execute_operation.js:150:18)\n    at async executeOperation (C:\\Users\\Dell\\Desktop\\CampusTrade\\App\\backend\\node_modules\\mongodb\\lib\\operations\\execute_operation.js:80:16)\n    at async FindCursor._initialize (C:\\Users\\Dell\\Desktop\\CampusTrade\\App\\backend\\node_modules\\mongodb\\lib\\cursor\\find_cursor.js:62:26)\n    at async FindCursor.cursorInit (C:\\Users\\Dell\\Desktop\\CampusTrade\\App\\backend\\node_modules\\mongodb\\lib\\cursor\\abstract_cursor.js:620:27)\n    at async FindCursor.fetchBatch (C:\\Users\\Dell\\Desktop\\CampusTrade\\App\\backend\\node_modules\\mongodb\\lib\\cursor\\abstract_cursor.js:654:13)\n    at async FindCursor.next (C:\\Users\\Dell\\Desktop\\CampusTrade\\App\\backend\\node_modules\\mongodb\\lib\\cursor\\abstract_cursor.js:326:17)\n    at async Collection.findOne (C:\\Users\\Dell\\Desktop\\CampusTrade\\App\\backend\\node_modules\\mongodb\\lib\\collection.js:313:24)\n    at async model.Query._findOne (C:\\Users\\Dell\\Desktop\\CampusTrade\\App\\backend\\node_modules\\mongoose\\lib\\query.js:2731:15)\n    at async model.Query.exec (C:\\Users\\Dell\\Desktop\\CampusTrade\\App\\backend\\node_modules\\mongoose\\lib\\query.js:4726:63)","meta":null,"timestamp":"2026-05-15T11:13:22.008Z"}
{"level":"error","service":"campustrade-backend","message":"getaddrinfo ENOTFOUND ac-jzbnejj-shard-00-00.onglait.mongodb.net","stack":"MongoServerSelectionError: getaddrinfo ENOTFOUND ac-jzbnejj-shard-00-00.onglait.mongodb.net\n    at Topology.selectServer (C:\\Users\\Dell\\Desktop\\CampusTrade\\App\\backend\\node_modules\\mongodb\\lib\\sdam\\topology.js:347:38)\n    at async tryOperation (C:\\Users\\Dell\\Desktop\\CampusTrade\\App\\backend\\node_modules\\mongodb\\lib\\operations\\execute_operation.js:150:18)\n    at async executeOperation (C:\\Users\\Dell\\Desktop\\CampusTrade\\App\\backend\\node_modules\\mongodb\\lib\\operations\\execute_operation.js:80:16)\n    at async FindCursor._initialize (C:\\Users\\Dell\\Desktop\\CampusTrade\\App\\backend\\node_modules\\mongodb\\lib\\cursor\\find_cursor.js:62:26)\n    at async FindCursor.cursorInit (C:\\Users\\Dell\\Desktop\\CampusTrade\\App\\backend\\node_modules\\mongodb\\lib\\cursor\\abstract_cursor.js:620:27)\n    at async FindCursor.fetchBatch (C:\\Users\\Dell\\Desktop\\CampusTrade\\App\\backend\\node_modules\\mongodb\\lib\\cursor\\abstract_cursor.js:654:13)\n    at async FindCursor.next (C:\\Users\\Dell\\Desktop\\CampusTrade\\App\\backend\\node_modules\\mongodb\\lib\\cursor\\abstract_cursor.js:326:17)\n    at async Collection.findOne (C:\\Users\\Dell\\Desktop\\CampusTrade\\App\\backend\\node_modules\\mongodb\\lib\\collection.js:313:24)\n    at async model.Query._findOne (C:\\Users\\Dell\\Desktop\\CampusTrade\\App\\backend\\node_modules\\mongoose\\lib\\query.js:2731:15)\n    at async model.Query.exec (C:\\Users\\Dell\\Desktop\\CampusTrade\\App\\backend\\node_modules\\mongoose\\lib\\query.js:4726:63)","meta":null,"timestamp":"2026-05-15T11:13:22.070Z"}
{"level":"info","service":"campustrade-backend","message":"✅ Database Connected Successfully","meta":null,"timestamp":"2026-05-15T11:14:11.059Z"}
{"level":"info","service":"campustrade-backend","message":"🚀 Server running on port 6778","meta":null,"timestamp":"2026-05-15T11:14:11.096Z"}
{"level":"warn","service":"campustrade-backend","message":"MongoDB disconnected","meta":null,"timestamp":"2026-05-15T11:21:11.081Z"}
{"level":"warn","service":"campustrade-backend","message":"MongoDB disconnected","meta":null,"timestamp":"2026-05-15T11:23:52.032Z"}
{"level":"warn","service":"campustrade-backend","message":"MongoDB disconnected","meta":null,"timestamp":"2026-05-15T11:29:05.708Z"}
{"level":"warn","service":"campustrade-backend","message":"MongoDB disconnected","meta":null,"timestamp":"2026-05-15T11:31:08.850Z"}
{"level":"warn","service":"campustrade-backend","message":"MongoDB disconnected","meta":null,"timestamp":"2026-05-15T11:32:30.274Z"}
{"level":"warn","service":"campustrade-backend","message":"MongoDB disconnected","meta":null,"timestamp":"2026-05-15T11:50:01.381Z"}
{"level":"warn","service":"campustrade-backend","message":"MongoDB disconnected","meta":null,"timestamp":"2026-05-15T11:51:57.513Z"}
{"level":"error","service":"campustrade-backend","message":"Failed to start server: querySrv ECONNREFUSED _mongodb._tcp.gmcstore.onglait.mongodb.net","meta":{"stack":"Error: querySrv ECONNREFUSED _mongodb._tcp.gmcstore.onglait.mongodb.net\n    at QueryReqWrap.onresolve [as oncomplete] (node:internal/dns/promises:292:17)"},"timestamp":"2026-05-15T11:52:06.441Z"}
{"level":"error","service":"campustrade-backend","message":"Failed to start server: querySrv ECONNREFUSED _mongodb._tcp.gmcstore.onglait.mongodb.net","meta":{"stack":"Error: querySrv ECONNREFUSED _mongodb._tcp.gmcstore.onglait.mongodb.net\n    at QueryReqWrap.onresolve [as oncomplete] (node:internal/dns/promises:292:17)"},"timestamp":"2026-05-15T11:55:48.673Z"}
{"level":"error","service":"campustrade-backend","message":"Failed to start server: querySrv ECONNREFUSED _mongodb._tcp.gmcstore.onglait.mongodb.net","meta":{"stack":"Error: querySrv ECONNREFUSED _mongodb._tcp.gmcstore.onglait.mongodb.net\n    at QueryReqWrap.onresolve [as oncomplete] (node:internal/dns/promises:292:17)"},"timestamp":"2026-05-15T11:55:53.596Z"}
{"level":"error","service":"campustrade-backend","message":"Failed to start server: querySrv ECONNREFUSED _mongodb._tcp.gmcstore.onglait.mongodb.net","meta":{"stack":"Error: querySrv ECONNREFUSED _mongodb._tcp.gmcstore.onglait.mongodb.net\n    at QueryReqWrap.onresolve [as oncomplete] (node:internal/dns/promises:292:17)"},"timestamp":"2026-05-15T11:57:03.468Z"}
{"level":"info","service":"campustrade-backend","message":"✅ Database Connected Successfully","meta":null,"timestamp":"2026-05-15T12:02:42.328Z"}
{"level":"info","service":"campustrade-backend","message":"🚀 Server running on port 6778","meta":null,"timestamp":"2026-05-15T12:02:42.371Z"}
{"level":"error","service":"campustrade-backend","message":"Fetch Single Order Error:","meta":{},"timestamp":"2026-05-15T12:03:02.861Z"}
{"level":"error","service":"campustrade-backend","message":"Fetch Single Order Error:","meta":{},"timestamp":"2026-05-15T12:03:02.981Z"}
{"level":"error","service":"campustrade-backend","message":"Failed to start server: Could not connect to any servers in your MongoDB Atlas cluster. One common reason is that you're trying to access the database from an IP that isn't whitelisted. Make sure your current IP address is on your Atlas cluster's IP whitelist: https://www.mongodb.com/docs/atlas/security-whitelist/","meta":{"stack":"MongooseServerSelectionError: Could not connect to any servers in your MongoDB Atlas cluster. One common reason is that you're trying to access the database from an IP that isn't whitelisted. Make sure your current IP address is on your Atlas cluster's IP whitelist: https://www.mongodb.com/docs/atlas/security-whitelist/\n    at _handleConnectionErrors (C:\\Users\\Dell\\Desktop\\CampusTrade\\App\\backend\\node_modules\\mongoose\\lib\\connection.js:1180:11)\n    at NativeConnection.openUri (C:\\Users\\Dell\\Desktop\\CampusTrade\\App\\backend\\node_modules\\mongoose\\lib\\connection.js:1111:11)\n    at async startServer (C:\\Users\\Dell\\Desktop\\CampusTrade\\App\\backend\\index.js:41:5)"},"timestamp":"2026-05-15T12:03:23.233Z"}
{"level":"info","service":"campustrade-backend","message":"✅ Database Connected Successfully","meta":null,"timestamp":"2026-05-15T12:03:36.438Z"}
{"level":"info","service":"campustrade-backend","message":"🚀 Server running on port 6778","meta":null,"timestamp":"2026-05-15T12:03:36.451Z"}
{"level":"warn","service":"campustrade-backend","message":"MongoDB disconnected","meta":null,"timestamp":"2026-05-15T12:04:48.382Z"}
{"level":"warn","service":"campustrade-backend","message":"MongoDB disconnected","meta":null,"timestamp":"2026-05-15T12:08:57.818Z"}
{"level":"warn","service":"campustrade-backend","message":"MongoDB disconnected","meta":null,"timestamp":"2026-05-15T12:10:10.768Z"}
{"level":"info","service":"campustrade-backend","message":"✅ Database Connected Successfully","meta":null,"timestamp":"2026-05-15T12:13:47.896Z"}
{"level":"info","service":"campustrade-backend","message":"🚀 Server running on port 6778","meta":null,"timestamp":"2026-05-15T12:13:47.961Z"}
{"level":"info","service":"campustrade-backend","message":"✅ Database Connected Successfully","meta":null,"timestamp":"2026-05-15T12:16:20.325Z"}
{"level":"info","service":"campustrade-backend","message":"🚀 Server running on port 6778","meta":null,"timestamp":"2026-05-15T12:16:20.355Z"}
{"level":"info","service":"campustrade-backend","message":"✅ Database Connected Successfully","meta":null,"timestamp":"2026-05-15T12:17:48.435Z"}
{"level":"info","service":"campustrade-backend","message":"🚀 Server running on port 6778","meta":null,"timestamp":"2026-05-15T12:17:48.453Z"}
{"level":"error","service":"campustrade-backend","message":"Fetch Single Order Error:","meta":{},"timestamp":"2026-05-15T12:17:54.285Z"}
{"level":"error","service":"campustrade-backend","message":"Fetch Single Order Error:","meta":{},"timestamp":"2026-05-15T12:17:54.375Z"}
{"level":"info","service":"campustrade-backend","message":"✅ Database Connected Successfully","meta":null,"timestamp":"2026-05-15T12:24:12.807Z"}
{"level":"info","service":"campustrade-backend","message":"🚀 Server running on port 6778","meta":null,"timestamp":"2026-05-15T12:24:12.863Z"}
{"level":"info","service":"campustrade-backend","message":"✅ Database Connected Successfully","meta":null,"timestamp":"2026-05-15T12:27:13.819Z"}
{"level":"info","service":"campustrade-backend","message":"🚀 Server running on port 6778","meta":null,"timestamp":"2026-05-15T12:27:13.841Z"}
{"level":"warn","service":"campustrade-backend","message":"MongoDB disconnected","meta":null,"timestamp":"2026-05-15T12:27:32.780Z"}
{"level":"info","service":"campustrade-backend","message":"✅ Database Connected Successfully","meta":null,"timestamp":"2026-05-15T12:28:45.833Z"}
{"level":"info","service":"campustrade-backend","message":"🚀 Server running on port 6778","meta":null,"timestamp":"2026-05-15T12:28:45.881Z"}
{"level":"warn","service":"campustrade-backend","message":"MongoDB disconnected","meta":null,"timestamp":"2026-05-15T12:30:16.082Z"}
{"level":"warn","service":"campustrade-backend","message":"MongoDB disconnected","meta":null,"timestamp":"2026-05-15T12:31:02.770Z"}
{"level":"info","service":"campustrade-backend","message":"✅ Database Connected Successfully","meta":null,"timestamp":"2026-05-15T12:32:14.608Z"}
{"level":"info","service":"campustrade-backend","message":"🚀 Server running on port 6778","meta":null,"timestamp":"2026-05-15T12:32:14.662Z"}
{"level":"info","service":"campustrade-backend","message":"✅ Database Connected Successfully","meta":null,"timestamp":"2026-05-15T12:32:44.802Z"}
{"level":"info","service":"campustrade-backend","message":"🚀 Server running on port 6778","meta":null,"timestamp":"2026-05-15T12:32:44.830Z"}
{"level":"info","service":"campustrade-backend","message":"✅ Database Connected Successfully","meta":null,"timestamp":"2026-05-15T12:33:02.551Z"}
{"level":"info","service":"campustrade-backend","message":"🚀 Server running on port 6778","meta":null,"timestamp":"2026-05-15T12:33:02.580Z"}
{"level":"info","service":"campustrade-backend","message":"✅ Database Connected Successfully","meta":null,"timestamp":"2026-05-15T12:33:32.575Z"}
{"level":"info","service":"campustrade-backend","message":"🚀 Server running on port 6778","meta":null,"timestamp":"2026-05-15T12:33:32.624Z"}
{"level":"info","service":"campustrade-backend","message":"✅ Database Connected Successfully","meta":null,"timestamp":"2026-05-15T12:34:46.774Z"}
{"level":"info","service":"campustrade-backend","message":"🚀 Server running on port 6778","meta":null,"timestamp":"2026-05-15T12:34:46.792Z"}
{"level":"info","service":"campustrade-backend","message":"✅ Database Connected Successfully","meta":null,"timestamp":"2026-05-15T12:35:03.713Z"}
{"level":"info","service":"campustrade-backend","message":"🚀 Server running on port 6778","meta":null,"timestamp":"2026-05-15T12:35:03.734Z"}
{"level":"info","service":"campustrade-backend","message":"✅ Database Connected Successfully","meta":null,"timestamp":"2026-05-15T12:35:55.205Z"}
{"level":"info","service":"campustrade-backend","message":"🚀 Server running on port 6778","meta":null,"timestamp":"2026-05-15T12:35:55.252Z"}
{"level":"info","service":"campustrade-backend","message":"✅ Database Connected Successfully","meta":null,"timestamp":"2026-05-15T12:44:47.628Z"}
{"level":"info","service":"campustrade-backend","message":"🚀 Server running on port 6778","meta":null,"timestamp":"2026-05-15T12:44:47.684Z"}
{"level":"info","service":"campustrade-backend","message":"✅ Database Connected Successfully","meta":null,"timestamp":"2026-05-15T13:33:53.860Z"}
{"level":"info","service":"campustrade-backend","message":"🚀 Server running on port 6778","meta":null,"timestamp":"2026-05-15T13:33:53.898Z"}
{"level":"info","service":"campustrade-backend","message":"✅ Database Connected Successfully","meta":null,"timestamp":"2026-05-15T13:36:25.687Z"}
{"level":"info","service":"campustrade-backend","message":"🚀 Server running on port 6778","meta":null,"timestamp":"2026-05-15T13:36:25.699Z"}
{"level":"info","service":"campustrade-backend","message":"✅ Database Connected Successfully","meta":null,"timestamp":"2026-05-15T13:36:37.205Z"}
{"level":"info","service":"campustrade-backend","message":"🚀 Server running on port 6778","meta":null,"timestamp":"2026-05-15T13:36:37.218Z"}
{"level":"info","service":"campustrade-backend","message":"✅ Database Connected Successfully","meta":null,"timestamp":"2026-05-15T13:36:50.454Z"}
{"level":"info","service":"campustrade-backend","message":"🚀 Server running on port 6778","meta":null,"timestamp":"2026-05-15T13:36:50.466Z"}
{"level":"info","service":"campustrade-backend","message":"✅ Database Connected Successfully","meta":null,"timestamp":"2026-05-15T13:37:49.196Z"}
{"level":"info","service":"campustrade-backend","message":"🚀 Server running on port 6778","meta":null,"timestamp":"2026-05-15T13:37:49.212Z"}
{"level":"info","service":"campustrade-backend","message":"✅ Database Connected Successfully","meta":null,"timestamp":"2026-05-15T13:38:01.617Z"}
{"level":"info","service":"campustrade-backend","message":"🚀 Server running on port 6778","meta":null,"timestamp":"2026-05-15T13:38:01.632Z"}
{"level":"info","service":"campustrade-backend","message":"✅ Database Connected Successfully","meta":null,"timestamp":"2026-05-15T13:38:14.542Z"}
{"level":"info","service":"campustrade-backend","message":"🚀 Server running on port 6778","meta":null,"timestamp":"2026-05-15T13:38:14.571Z"}
{"level":"info","service":"campustrade-backend","message":"✅ Database Connected Successfully","meta":null,"timestamp":"2026-05-15T13:38:27.899Z"}
{"level":"info","service":"campustrade-backend","message":"🚀 Server running on port 6778","meta":null,"timestamp":"2026-05-15T13:38:27.922Z"}
{"level":"info","service":"campustrade-backend","message":"✅ Database Connected Successfully","meta":null,"timestamp":"2026-05-15T13:38:41.608Z"}
{"level":"info","service":"campustrade-backend","message":"🚀 Server running on port 6778","meta":null,"timestamp":"2026-05-15T13:38:41.624Z"}
{"level":"info","service":"campustrade-backend","message":"✅ Database Connected Successfully","meta":null,"timestamp":"2026-05-15T13:43:56.961Z"}
{"level":"info","service":"campustrade-backend","message":"🚀 Server running on port 6778","meta":null,"timestamp":"2026-05-15T13:43:56.982Z"}
{"level":"info","service":"campustrade-backend","message":"✅ Database Connected Successfully","meta":null,"timestamp":"2026-05-15T13:44:21.828Z"}
{"level":"info","service":"campustrade-backend","message":"🚀 Server running on port 6778","meta":null,"timestamp":"2026-05-15T13:44:21.838Z"}
{"level":"info","service":"campustrade-backend","message":"✅ Database Connected Successfully","meta":null,"timestamp":"2026-05-15T13:46:06.126Z"}
{"level":"info","service":"campustrade-backend","message":"🚀 Server running on port 6778","meta":null,"timestamp":"2026-05-15T13:46:06.150Z"}
{"level":"info","service":"campustrade-backend","message":"✅ Database Connected Successfully","meta":null,"timestamp":"2026-05-15T13:46:19.831Z"}
{"level":"info","service":"campustrade-backend","message":"🚀 Server running on port 6778","meta":null,"timestamp":"2026-05-15T13:46:19.865Z"}
{"level":"info","service":"campustrade-backend","message":"✅ Database Connected Successfully","meta":null,"timestamp":"2026-05-15T13:47:18.474Z"}
{"level":"info","service":"campustrade-backend","message":"🚀 Server running on port 6778","meta":null,"timestamp":"2026-05-15T13:47:18.492Z"}
{"level":"info","service":"campustrade-backend","message":"✅ Database Connected Successfully","meta":null,"timestamp":"2026-05-15T13:47:50.885Z"}
{"level":"info","service":"campustrade-backend","message":"🚀 Server running on port 6778","meta":null,"timestamp":"2026-05-15T13:47:50.905Z"}
{"level":"info","service":"campustrade-backend","message":"✅ Database Connected Successfully","meta":null,"timestamp":"2026-05-15T13:48:03.453Z"}
{"level":"info","service":"campustrade-backend","message":"🚀 Server running on port 6778","meta":null,"timestamp":"2026-05-15T13:48:03.503Z"}
{"level":"info","service":"campustrade-backend","message":"✅ Database Connected Successfully","meta":null,"timestamp":"2026-05-15T13:48:31.211Z"}
{"level":"info","service":"campustrade-backend","message":"🚀 Server running on port 6778","meta":null,"timestamp":"2026-05-15T13:48:31.294Z"}
{"level":"info","service":"campustrade-backend","message":"✅ Database Connected Successfully","meta":null,"timestamp":"2026-05-15T13:48:36.490Z"}
{"level":"info","service":"campustrade-backend","message":"🚀 Server running on port 6778","meta":null,"timestamp":"2026-05-15T13:48:36.507Z"}
{"level":"info","service":"campustrade-backend","message":"✅ Database Connected Successfully","meta":null,"timestamp":"2026-05-15T13:53:13.340Z"}
{"level":"info","service":"campustrade-backend","message":"🚀 Server running on port 6778","meta":null,"timestamp":"2026-05-15T13:53:13.361Z"}
{"level":"info","service":"campustrade-backend","message":"✅ Database Connected Successfully","meta":null,"timestamp":"2026-05-15T13:54:09.865Z"}
{"level":"info","service":"campustrade-backend","message":"🚀 Server running on port 6778","meta":null,"timestamp":"2026-05-15T13:54:09.885Z"}
{"level":"info","service":"campustrade-backend","message":"✅ Database Connected Successfully","meta":null,"timestamp":"2026-05-15T13:59:20.834Z"}
{"level":"info","service":"campustrade-backend","message":"🚀 Server running on port 6778","meta":null,"timestamp":"2026-05-15T13:59:20.881Z"}
{"level":"info","service":"campustrade-backend","message":"✅ Database Connected Successfully","meta":null,"timestamp":"2026-05-15T13:59:26.570Z"}
{"level":"info","service":"campustrade-backend","message":"🚀 Server running on port 6778","meta":null,"timestamp":"2026-05-15T13:59:26.608Z"}
{"level":"info","service":"campustrade-backend","message":"✅ Database Connected Successfully","meta":null,"timestamp":"2026-05-15T13:59:41.374Z"}
{"level":"info","service":"campustrade-backend","message":"🚀 Server running on port 6778","meta":null,"timestamp":"2026-05-15T13:59:41.404Z"}
{"level":"info","service":"campustrade-backend","message":"✅ Database Connected Successfully","meta":null,"timestamp":"2026-05-15T13:59:50.391Z"}
{"level":"info","service":"campustrade-backend","message":"🚀 Server running on port 6778","meta":null,"timestamp":"2026-05-15T13:59:50.411Z"}
{"level":"info","service":"campustrade-backend","message":"✅ Database Connected Successfully","meta":null,"timestamp":"2026-05-15T14:01:00.765Z"}
{"level":"info","service":"campustrade-backend","message":"🚀 Server running on port 6778","meta":null,"timestamp":"2026-05-15T14:01:00.781Z"}
{"level":"info","service":"campustrade-backend","message":"✅ Database Connected Successfully","meta":null,"timestamp":"2026-05-15T14:02:19.093Z"}
{"level":"info","service":"campustrade-backend","message":"🚀 Server running on port 6778","meta":null,"timestamp":"2026-05-15T14:02:19.106Z"}
{"level":"info","service":"campustrade-backend","message":"✅ Database Connected Successfully","meta":null,"timestamp":"2026-05-15T14:02:27.715Z"}
{"level":"info","service":"campustrade-backend","message":"🚀 Server running on port 6778","meta":null,"timestamp":"2026-05-15T14:02:27.733Z"}
{"level":"info","service":"campustrade-backend","message":"✅ Database Connected Successfully","meta":null,"timestamp":"2026-05-15T14:03:30.314Z"}
{"level":"info","service":"campustrade-backend","message":"🚀 Server running on port 6778","meta":null,"timestamp":"2026-05-15T14:03:30.359Z"}
{"level":"info","service":"campustrade-backend","message":"✅ Database Connected Successfully","meta":null,"timestamp":"2026-05-15T14:07:28.373Z"}
{"level":"info","service":"campustrade-backend","message":"🚀 Server running on port 6778","meta":null,"timestamp":"2026-05-15T14:07:28.394Z"}
{"level":"info","service":"campustrade-backend","message":"✅ Database Connected Successfully","meta":null,"timestamp":"2026-05-15T14:07:46.743Z"}
{"level":"info","service":"campustrade-backend","message":"🚀 Server running on port 6778","meta":null,"timestamp":"2026-05-15T14:07:46.767Z"}
{"level":"info","service":"campustrade-backend","message":"✅ Database Connected Successfully","meta":null,"timestamp":"2026-05-15T14:08:56.141Z"}
{"level":"info","service":"campustrade-backend","message":"🚀 Server running on port 6778","meta":null,"timestamp":"2026-05-15T14:08:56.161Z"}
{"level":"info","service":"campustrade-backend","message":"✅ Database Connected Successfully","meta":null,"timestamp":"2026-05-15T14:09:18.183Z"}
{"level":"info","service":"campustrade-backend","message":"🚀 Server running on port 6778","meta":null,"timestamp":"2026-05-15T14:09:18.198Z"}
{"level":"info","service":"campustrade-backend","message":"✅ Database Connected Successfully","meta":null,"timestamp":"2026-05-15T14:11:15.022Z"}
{"level":"info","service":"campustrade-backend","message":"🚀 Server running on port 6778","meta":null,"timestamp":"2026-05-15T14:11:15.042Z"}
{"level":"error","service":"campustrade-backend","message":"Request Return Error:","meta":{"errors":{"action":{"name":"ValidatorError","message":"Path `action` is required.","properties":{"message":"Path `action` is required.","type":"required","path":"action"},"kind":"required","path":"action"},"user":{"name":"ValidatorError","message":"Path `user` is required.","properties":{"message":"Path `user` is required.","type":"required","path":"user"},"kind":"required","path":"user"}},"_message":"AuditLog validation failed","name":"ValidationError","message":"AuditLog validation failed: action: Path `action` is required., user: Path `user` is required."},"timestamp":"2026-05-15T14:41:48.304Z"}
{"level":"info","service":"campustrade-backend","message":"✅ Database Connected Successfully","meta":null,"timestamp":"2026-05-15T14:42:12.296Z"}
{"level":"info","service":"campustrade-backend","message":"🚀 Server running on port 6778","meta":null,"timestamp":"2026-05-15T14:42:12.353Z"}
{"level":"error","service":"campustrade-backend","message":"Request Return Error:","meta":{"errors":{"action":{"name":"ValidatorError","message":"Path `action` is required.","properties":{"message":"Path `action` is required.","type":"required","path":"action"},"kind":"required","path":"action"},"user":{"name":"ValidatorError","message":"Path `user` is required.","properties":{"message":"Path `user` is required.","type":"required","path":"user"},"kind":"required","path":"user"}},"_message":"AuditLog validation failed","name":"ValidationError","message":"AuditLog validation failed: action: Path `action` is required., user: Path `user` is required."},"timestamp":"2026-05-15T14:42:20.303Z"}
{"level":"error","service":"campustrade-backend","message":"Request Return Error:","meta":{"errors":{"action":{"name":"ValidatorError","message":"Path `action` is required.","properties":{"message":"Path `action` is required.","type":"required","path":"action"},"kind":"required","path":"action"},"user":{"name":"ValidatorError","message":"Path `user` is required.","properties":{"message":"Path `user` is required.","type":"required","path":"user"},"kind":"required","path":"user"}},"_message":"AuditLog validation failed","name":"ValidationError","message":"AuditLog validation failed: action: Path `action` is required., user: Path `user` is required."},"timestamp":"2026-05-15T14:56:29.065Z"}
{"level":"info","service":"campustrade-backend","message":"✅ Database Connected Successfully","meta":null,"timestamp":"2026-05-15T14:58:17.496Z"}
{"level":"info","service":"campustrade-backend","message":"🚀 Server running on port 6778","meta":null,"timestamp":"2026-05-15T14:58:17.543Z"}
{"level":"info","service":"campustrade-backend","message":"✅ Database Connected Successfully","meta":null,"timestamp":"2026-05-15T14:58:32.397Z"}
{"level":"info","service":"campustrade-backend","message":"🚀 Server running on port 6778","meta":null,"timestamp":"2026-05-15T14:58:32.413Z"}
{"level":"info","service":"campustrade-backend","message":"✅ Database Connected Successfully","meta":null,"timestamp":"2026-05-15T15:27:12.834Z"}
{"level":"info","service":"campustrade-backend","message":"🚀 Server running on port 6778","meta":null,"timestamp":"2026-05-15T15:27:12.878Z"}
{"level":"info","service":"campustrade-backend","message":"✅ Database Connected Successfully","meta":null,"timestamp":"2026-05-15T15:27:35.003Z"}
{"level":"info","service":"campustrade-backend","message":"🚀 Server running on port 6778","meta":null,"timestamp":"2026-05-15T15:27:35.131Z"}
{"level":"error","service":"campustrade-backend","message":"Fetch Single Buyer Order Error:","meta":{"errorLabelSet":{},"reason":{"type":"ReplicaSetNoPrimary","servers":{"ac-jzbnejj-shard-00-01.onglait.mongodb.net:27017":{"address":"ac-jzbnejj-shard-00-01.onglait.mongodb.net:27017","type":"Unknown","hosts":[],"passives":[],"arbiters":[],"tags":{},"minWireVersion":0,"maxWireVersion":0,"roundTripTime":-1,"minRoundTripTime":0,"lastUpdateTime":7358087,"lastWriteDate":0,"error":{"errorLabelSet":{},"beforeHandshake":false},"topologyVersion":null,"setName":null,"setVersion":null,"electionId":null,"logicalSessionTimeoutMinutes":null,"maxMessageSizeBytes":null,"maxWriteBatchSize":null,"maxBsonObjectSize":null,"primary":null,"me":null,"$clusterTime":null,"iscryptd":false},"ac-jzbnejj-shard-00-02.onglait.mongodb.net:27017":{"address":"ac-jzbnejj-shard-00-02.onglait.mongodb.net:27017","type":"Unknown","hosts":[],"passives":[],"arbiters":[],"tags":{},"minWireVersion":0,"maxWireVersion":0,"roundTripTime":-1,"minRoundTripTime":0,"lastUpdateTime":7358088,"lastWriteDate":0,"error":{"errorLabelSet":{},"beforeHandshake":false},"topologyVersion":null,"setName":null,"setVersion":null,"electionId":null,"logicalSessionTimeoutMinutes":null,"maxMessageSizeBytes":null,"maxWriteBatchSize":null,"maxBsonObjectSize":null,"primary":null,"me":null,"$clusterTime":null,"iscryptd":false},"ac-jzbnejj-shard-00-00.onglait.mongodb.net:27017":{"address":"ac-jzbnejj-shard-00-00.onglait.mongodb.net:27017","type":"Unknown","hosts":[],"passives":[],"arbiters":[],"tags":{},"minWireVersion":0,"maxWireVersion":0,"roundTripTime":-1,"minRoundTripTime":0,"lastUpdateTime":7358088,"lastWriteDate":0,"error":{"errorLabelSet":{},"beforeHandshake":false},"topologyVersion":null,"setName":null,"setVersion":null,"electionId":null,"logicalSessionTimeoutMinutes":null,"maxMessageSizeBytes":null,"maxWriteBatchSize":null,"maxBsonObjectSize":null,"primary":null,"me":null,"$clusterTime":null,"iscryptd":false}},"stale":false,"compatible":true,"heartbeatFrequencyMS":10000,"localThresholdMS":15,"setName":"atlas-b1sdpp-shard-0","maxElectionId":{"$oid":"7fffffff00000000000000fe"},"maxSetVersion":32,"commonWireVersion":25,"logicalSessionTimeoutMinutes":null}},"timestamp":"2026-05-15T17:30:01.953Z"}
{"level":"error","service":"campustrade-backend","message":"getaddrinfo ENOTFOUND ac-jzbnejj-shard-00-01.onglait.mongodb.net","stack":"MongoServerSelectionError: getaddrinfo ENOTFOUND ac-jzbnejj-shard-00-01.onglait.mongodb.net\n    at Topology.selectServer (C:\\Users\\Dell\\Desktop\\CampusTrade\\App\\backend\\node_modules\\mongodb\\lib\\sdam\\topology.js:347:38)\n    at runNextTicks (node:internal/process/task_queues:60:5)\n    at listOnTimeout (node:internal/timers:545:9)\n    at process.processTimers (node:internal/timers:519:7)\n    at async tryOperation (C:\\Users\\Dell\\Desktop\\CampusTrade\\App\\backend\\node_modules\\mongodb\\lib\\operations\\execute_operation.js:150:18)\n    at async executeOperation (C:\\Users\\Dell\\Desktop\\CampusTrade\\App\\backend\\node_modules\\mongodb\\lib\\operations\\execute_operation.js:80:16)\n    at async FindCursor._initialize (C:\\Users\\Dell\\Desktop\\CampusTrade\\App\\backend\\node_modules\\mongodb\\lib\\cursor\\find_cursor.js:62:26)\n    at async FindCursor.cursorInit (C:\\Users\\Dell\\Desktop\\CampusTrade\\App\\backend\\node_modules\\mongodb\\lib\\cursor\\abstract_cursor.js:620:27)\n    at async FindCursor.fetchBatch (C:\\Users\\Dell\\Desktop\\CampusTrade\\App\\backend\\node_modules\\mongodb\\lib\\cursor\\abstract_cursor.js:654:13)\n    at async FindCursor.next (C:\\Users\\Dell\\Desktop\\CampusTrade\\App\\backend\\node_modules\\mongodb\\lib\\cursor\\abstract_cursor.js:326:17)","meta":null,"timestamp":"2026-05-15T17:30:02.256Z"}
{"level":"error","service":"campustrade-backend","message":"getaddrinfo ENOTFOUND ac-jzbnejj-shard-00-01.onglait.mongodb.net","stack":"MongoServerSelectionError: getaddrinfo ENOTFOUND ac-jzbnejj-shard-00-01.onglait.mongodb.net\n    at Topology.selectServer (C:\\Users\\Dell\\Desktop\\CampusTrade\\App\\backend\\node_modules\\mongodb\\lib\\sdam\\topology.js:347:38)\n    at runNextTicks (node:internal/process/task_queues:60:5)\n    at process.processTimers (node:internal/timers:516:9)\n    at async tryOperation (C:\\Users\\Dell\\Desktop\\CampusTrade\\App\\backend\\node_modules\\mongodb\\lib\\operations\\execute_operation.js:150:18)\n    at async executeOperation (C:\\Users\\Dell\\Desktop\\CampusTrade\\App\\backend\\node_modules\\mongodb\\lib\\operations\\execute_operation.js:80:16)\n    at async FindCursor._initialize (C:\\Users\\Dell\\Desktop\\CampusTrade\\App\\backend\\node_modules\\mongodb\\lib\\cursor\\find_cursor.js:62:26)\n    at async FindCursor.cursorInit (C:\\Users\\Dell\\Desktop\\CampusTrade\\App\\backend\\node_modules\\mongodb\\lib\\cursor\\abstract_cursor.js:620:27)\n    at async FindCursor.fetchBatch (C:\\Users\\Dell\\Desktop\\CampusTrade\\App\\backend\\node_modules\\mongodb\\lib\\cursor\\abstract_cursor.js:654:13)\n    at async FindCursor.next (C:\\Users\\Dell\\Desktop\\CampusTrade\\App\\backend\\node_modules\\mongodb\\lib\\cursor\\abstract_cursor.js:326:17)\n    at async Collection.findOne (C:\\Users\\Dell\\Desktop\\CampusTrade\\App\\backend\\node_modules\\mongodb\\lib\\collection.js:313:24)","meta":null,"timestamp":"2026-05-15T17:30:02.308Z"}
{"level":"error","service":"campustrade-backend","message":"Failed to start server: querySrv ENODATA _mongodb._tcp.gmcstore.onglait.mongodb.net","meta":{"stack":"Error: querySrv ENODATA _mongodb._tcp.gmcstore.onglait.mongodb.net\n    at QueryReqWrap.onresolve [as oncomplete] (node:internal/dns/promises:292:17)"},"timestamp":"2026-05-20T09:13:12.150Z"}
{"level":"error","service":"campustrade-backend","message":"Failed to start server: querySrv ECONNREFUSED _mongodb._tcp.gmcstore.onglait.mongodb.net","meta":{"stack":"Error: querySrv ECONNREFUSED _mongodb._tcp.gmcstore.onglait.mongodb.net\n    at QueryReqWrap.onresolve [as oncomplete] (node:internal/dns/promises:292:17)"},"timestamp":"2026-05-20T09:31:41.945Z"}
{"level":"error","service":"campustrade-backend","message":"Failed to start server: querySrv ECONNREFUSED _mongodb._tcp.gmcstore.onglait.mongodb.net","meta":{"stack":"Error: querySrv ECONNREFUSED _mongodb._tcp.gmcstore.onglait.mongodb.net\n    at QueryReqWrap.onresolve [as oncomplete] (node:internal/dns/promises:292:17)"},"timestamp":"2026-05-20T09:51:54.636Z"}
{"level":"error","service":"campustrade-backend","message":"Failed to start server: querySrv ECONNREFUSED _mongodb._tcp.gmcstore.onglait.mongodb.net","meta":{"stack":"Error: querySrv ECONNREFUSED _mongodb._tcp.gmcstore.onglait.mongodb.net\n    at QueryReqWrap.onresolve [as oncomplete] (node:internal/dns/promises:292:17)"},"timestamp":"2026-05-20T09:58:27.619Z"}
{"level":"error","service":"campustrade-backend","message":"Failed to start server: querySrv ECONNREFUSED _mongodb._tcp.gmcstore.onglait.mongodb.net","meta":{"stack":"Error: querySrv ECONNREFUSED _mongodb._tcp.gmcstore.onglait.mongodb.net\n    at QueryReqWrap.onresolve [as oncomplete] (node:internal/dns/promises:292:17)"},"timestamp":"2026-05-20T10:00:58.870Z"}
{"level":"error","service":"campustrade-backend","message":"Failed to start server: querySrv ECONNREFUSED _mongodb._tcp.gmcstore.onglait.mongodb.net","meta":{"stack":"Error: querySrv ECONNREFUSED _mongodb._tcp.gmcstore.onglait.mongodb.net\n    at QueryReqWrap.onresolve [as oncomplete] (node:internal/dns/promises:292:17)"},"timestamp":"2026-05-20T10:01:09.402Z"}
{"level":"error","service":"campustrade-backend","message":"Failed to start server: querySrv ECONNREFUSED _mongodb._tcp.gmcstore.onglait.mongodb.net","meta":{"stack":"Error: querySrv ECONNREFUSED _mongodb._tcp.gmcstore.onglait.mongodb.net\n    at QueryReqWrap.onresolve [as oncomplete] (node:internal/dns/promises:292:17)"},"timestamp":"2026-05-20T10:01:17.433Z"}
{"level":"error","service":"campustrade-backend","message":"Failed to start server: querySrv ECONNREFUSED _mongodb._tcp.gmcstore.onglait.mongodb.net","meta":{"stack":"Error: querySrv ECONNREFUSED _mongodb._tcp.gmcstore.onglait.mongodb.net\n    at QueryReqWrap.onresolve [as oncomplete] (node:internal/dns/promises:292:17)"},"timestamp":"2026-05-20T10:01:23.146Z"}
{"level":"error","service":"campustrade-backend","message":"Failed to start server: querySrv ECONNREFUSED _mongodb._tcp.gmcstore.onglait.mongodb.net","meta":{"stack":"Error: querySrv ECONNREFUSED _mongodb._tcp.gmcstore.onglait.mongodb.net\n    at QueryReqWrap.onresolve [as oncomplete] (node:internal/dns/promises:292:17)"},"timestamp":"2026-05-20T10:01:51.365Z"}
{"level":"error","service":"campustrade-backend","message":"Failed to start server: Missing required environment variables: MONGO_URL","meta":{"stack":"Error: Missing required environment variables: MONGO_URL\n    at validateEnvironment (C:\\Users\\Dell\\Desktop\\CampusTrade\\App\\backend\\index.js:25:11)\n    at startServer (C:\\Users\\Dell\\Desktop\\CampusTrade\\App\\backend\\index.js:39:11)\n    at Object.<anonymous> (C:\\Users\\Dell\\Desktop\\CampusTrade\\App\\backend\\index.js:78:1)\n    at Module._compile (node:internal/modules/cjs/loader:1521:14)\n    at Module._extensions..js (node:internal/modules/cjs/loader:1623:10)\n    at Module.load (node:internal/modules/cjs/loader:1266:32)\n    at Module._load (node:internal/modules/cjs/loader:1091:12)\n    at Function.executeUserEntryPoint [as runMain] (node:internal/modules/run_main:164:12)\n    at node:internal/main/run_main_module:28:49"},"timestamp":"2026-05-20T10:06:07.949Z"}
{"level":"error","service":"campustrade-backend","message":"Failed to start server: querySrv ECONNREFUSED _mongodb._tcp.cluster0.xxxxx.mongodb.net","meta":{"stack":"Error: querySrv ECONNREFUSED _mongodb._tcp.cluster0.xxxxx.mongodb.net\n    at QueryReqWrap.onresolve [as oncomplete] (node:internal/dns/promises:292:17)"},"timestamp":"2026-05-20T10:06:45.003Z"}
{"level":"error","service":"campustrade-backend","message":"Failed to start server: Protocol and host list are required in \"mongodb+srv://wealtholujide_db_user:Yejdtdaav3nMaudS@@gmcstore.onglait.mongodb.net/GMCStore?retryWrites=true&w=majority\"","meta":{"stack":"MongoParseError: Protocol and host list are required in \"mongodb+srv://wealtholujide_db_user:Yejdtdaav3nMaudS@@gmcstore.onglait.mongodb.net/GMCStore?retryWrites=true&w=majority\"\n    at new ConnectionString (C:\\Users\\Dell\\Desktop\\CampusTrade\\App\\backend\\node_modules\\mongodb-connection-string-url\\lib\\index.js:94:23)\n    at parseOptions (C:\\Users\\Dell\\Desktop\\CampusTrade\\App\\backend\\node_modules\\mongodb\\lib\\connection_string.js:198:17)\n    at new MongoClient (C:\\Users\\Dell\\Desktop\\CampusTrade\\App\\backend\\node_modules\\mongodb\\lib\\mongo_client.js:67:61)\n    at NativeConnection.createClient (C:\\Users\\Dell\\Desktop\\CampusTrade\\App\\backend\\node_modules\\mongoose\\lib\\drivers\\node-mongodb-native\\connection.js:338:14)\n    at NativeConnection.openUri (C:\\Users\\Dell\\Desktop\\CampusTrade\\App\\backend\\node_modules\\mongoose\\lib\\connection.js:1086:34)\n    at Mongoose.connect (C:\\Users\\Dell\\Desktop\\CampusTrade\\App\\backend\\node_modules\\mongoose\\lib\\mongoose.js:475:15)\n    at startServer (C:\\Users\\Dell\\Desktop\\CampusTrade\\App\\backend\\index.js:41:20)\n    at process.processTicksAndRejections (node:internal/process/task_queues:95:5)"},"timestamp":"2026-05-20T10:09:26.269Z"}
{"level":"error","service":"campustrade-backend","message":"Failed to start server: querySrv ECONNREFUSED _mongodb._tcp.gmcstore.onglait.mongodb.net","meta":{"stack":"Error: querySrv ECONNREFUSED _mongodb._tcp.gmcstore.onglait.mongodb.net\n    at QueryReqWrap.onresolve [as oncomplete] (node:internal/dns/promises:292:17)"},"timestamp":"2026-05-20T10:12:16.203Z"}
{"level":"error","service":"campustrade-backend","message":"Failed to start server: querySrv ECONNREFUSED _mongodb._tcp.gmcstore.onglait.mongodb.net","meta":{"stack":"Error: querySrv ECONNREFUSED _mongodb._tcp.gmcstore.onglait.mongodb.net\n    at QueryReqWrap.onresolve [as oncomplete] (node:internal/dns/promises:292:17)"},"timestamp":"2026-05-20T10:26:37.645Z"}
{"level":"error","service":"campustrade-backend","message":"Failed to start server: querySrv ECONNREFUSED _mongodb._tcp.gmcstore.onglait.mongodb.net","meta":{"stack":"Error: querySrv ECONNREFUSED _mongodb._tcp.gmcstore.onglait.mongodb.net\n    at QueryReqWrap.onresolve [as oncomplete] (node:internal/dns/promises:292:17)"},"timestamp":"2026-05-20T10:35:28.019Z"}
{"level":"error","service":"campustrade-backend","message":"Failed to start server: querySrv ECONNREFUSED _mongodb._tcp.gmcstore.onglait.mongodb.net","meta":{"stack":"Error: querySrv ECONNREFUSED _mongodb._tcp.gmcstore.onglait.mongodb.net\n    at QueryReqWrap.onresolve [as oncomplete] (node:internal/dns/promises:292:17)"},"timestamp":"2026-05-20T10:35:55.702Z"}
{"level":"error","service":"campustrade-backend","message":"Failed to start server: querySrv ECONNREFUSED _mongodb._tcp.gmcstore.onglait.mongodb.net","meta":{"stack":"Error: querySrv ECONNREFUSED _mongodb._tcp.gmcstore.onglait.mongodb.net\n    at QueryReqWrap.onresolve [as oncomplete] (node:internal/dns/promises:292:17)"},"timestamp":"2026-05-20T10:36:43.331Z"}
